ARM Linker, 5.03 [Build 76] [MDK-ARM Standard]

==============================================================================

Section Cross References

    cv_sys_main.o(.text) refers to _printf_percent.o(.ARM.Collect$$_printf_percent$$00000000) for _printf_percent
    cv_sys_main.o(.text) refers to _printf_d.o(.ARM.Collect$$_printf_percent$$00000009) for _printf_d
    cv_sys_main.o(.text) refers to _printf_dec.o(.text) for _printf_int_dec
    cv_sys_main.o(.text) refers to _printf_s.o(.ARM.Collect$$_printf_percent$$00000014) for _printf_s
    cv_sys_main.o(.text) refers to _printf_str.o(.text) for _printf_str
    cv_sys_main.o(.text) refers to noretval__2printf.o(.text) for __2printf
    cv_sys_main.o(.text) refers to cv_bsp_ckl.o(.text) for bsp_clk_inf_get
    cv_sys_main.o(.text) refers to cv_bsp_usart.o(.text) for bsp_uart2_init
    cv_sys_main.o(.text) refers to cv_bsp_gpio.o(.text) for bsp_key_init
    cv_sys_main.o(.text) refers to cv_bsp_timer.o(.text) for bsp_tim3_init
    cv_sys_main.o(.text) refers to diskio.o(.text) for disk_low_level_init
    cv_sys_main.o(.text) refers to cv_app_upgrade.o(.text) for app_upgrade_process
    cv_sys_main.o(.text) refers to cv_bsp_ckl.o(.data) for sys_clk_sorce
    cv_sys_main.o(.text) refers to cv_bsp_ckl.o(.bss) for rcc_clk_freq
    cv_sys_main.o(.text) refers to cv_app_upgrade.o(.data) for update_process_fsm
    cv_sys_main.o(.text) refers to cv_bsp_timer.o(.data) for tim3_hook_func
    cv_app_upgrade.o(.text) refers to cv_bsp_gpio.o(.text) for led_blink
    cv_app_upgrade.o(.text) refers to noretval__2printf.o(.text) for __2printf
    cv_app_upgrade.o(.text) refers to cv_app_sd.o(.text) for app_sd_request_check
    cv_app_upgrade.o(.text) refers to cv_bsp_ckl.o(.text) for sys_tick_get
    cv_app_upgrade.o(.text) refers to cv_app_iap.o(.text) for app_iap_request_check
    cv_app_upgrade.o(.text) refers to cv_drives_flash.o(.text) for application_jump
    cv_app_upgrade.o(.text) refers to cv_app_upgrade.o(.data) for updare_led_state
    cv_app_upgrade.o(.text) refers to cv_app_upgrade.o(.constdata) for .constdata
    cv_app_iap.o(.text) refers to _printf_percent.o(.ARM.Collect$$_printf_percent$$00000000) for _printf_percent
    cv_app_iap.o(.text) refers to _printf_s.o(.ARM.Collect$$_printf_percent$$00000014) for _printf_s
    cv_app_iap.o(.text) refers to _printf_str.o(.text) for _printf_str
    cv_app_iap.o(.text) refers to cv_bsp_usart.o(.text) for uart2_buf_check
    cv_app_iap.o(.text) refers to noretval__2printf.o(.text) for __2printf
    cv_app_iap.o(.text) refers to ymodem.o(.text) for Ymodem_Receive
    cv_app_iap.o(.text) refers to cv_app_iap.o(.data) for key_press_count
    cv_app_iap.o(.text) refers to cv_app_iap.o(.bss) for file_buf
    cv_app_sd.o(.text) refers to _printf_percent.o(.ARM.Collect$$_printf_percent$$00000000) for _printf_percent
    cv_app_sd.o(.text) refers to _printf_d.o(.ARM.Collect$$_printf_percent$$00000009) for _printf_d
    cv_app_sd.o(.text) refers to _printf_dec.o(.text) for _printf_int_dec
    cv_app_sd.o(.text) refers to cv_bsp_gpio.o(.text) for bsp_key_state
    cv_app_sd.o(.text) refers to ff.o(.text) for f_mount
    cv_app_sd.o(.text) refers to memcmp.o(.text) for memcmp
    cv_app_sd.o(.text) refers to rt_memclr.o(.text) for __aeabi_memclr
    cv_app_sd.o(.text) refers to cv_bsp_ckl.o(.text) for sys_tick_get
    cv_app_sd.o(.text) refers to cv_drives_flash.o(.text) for drives_flash_packet_write_t
    cv_app_sd.o(.text) refers to noretval__2printf.o(.text) for __2printf
    cv_app_sd.o(.text) refers to diskio.o(.text) for disk_card_check
    cv_app_sd.o(.text) refers to cv_app_iap.o(.bss) for file_buf
    flash_if.o(.text) refers to _printf_percent.o(.ARM.Collect$$_printf_percent$$00000000) for _printf_percent
    flash_if.o(.text) refers to _printf_x.o(.ARM.Collect$$_printf_percent$$0000000C) for _printf_x
    flash_if.o(.text) refers to _printf_hex_int.o(.text) for _printf_longlong_hex
    flash_if.o(.text) refers to stm32f4xx_flash.o(.text) for FLASH_Unlock
    flash_if.o(.text) refers to noretval__2printf.o(.text) for __2printf
    ymodem.o(.text) refers to cv_bsp_usart.o(.text) for uart2_buf_read
    ymodem.o(.text) refers to rt_memcpy_v6.o(.text) for __aeabi_memcpy
    ymodem.o(.text) refers to cv_drives_flash.o(.text) for drives_flash_packet_write_t
    ymodem.o(.text) refers to cv_app_iap.o(.bss) for file_name
    cv_drives_flash.o(.text) refers to _printf_percent.o(.ARM.Collect$$_printf_percent$$00000000) for _printf_percent
    cv_drives_flash.o(.text) refers to _printf_x.o(.ARM.Collect$$_printf_percent$$0000000C) for _printf_x
    cv_drives_flash.o(.text) refers to _printf_hex_int.o(.text) for _printf_longlong_hex
    cv_drives_flash.o(.text) refers to rt_memcpy_v6.o(.text) for __aeabi_memcpy
    cv_drives_flash.o(.text) refers to strcmpv7m.o(.text) for strcmp
    cv_drives_flash.o(.text) refers to rt_memclr_w.o(.text) for __aeabi_memclr4
[...]
    Receive_Packet                           0x08000e29   Thumb Code   188  ymodem.o(.text)
    .text                                    0x08001494   Section        0  cv_drives_flash.o(.text)
    .text                                    0x080017bc   Section        0  cv_drives_sd_spi.o(.text)
    .text                                    0x0800221c   Section        0  cv_drives_md5.o(.text)
    .text                                    0x08002b68   Section        0  diskio.o(.text)
    .text                                    0x08002d28   Section        0  ff.o(.text)
    mem_cpy                                  0x08002d29   Thumb Code    26  ff.o(.text)
    mem_set                                  0x08002d43   Thumb Code    20  ff.o(.text)
    mem_cmp                                  0x08002d57   Thumb Code    38  ff.o(.text)
    chk_chr                                  0x08002d7d   Thumb Code    20  ff.o(.text)
    sync_window                              0x08002d91   Thumb Code    82  ff.o(.text)
    move_window                              0x08002de3   Thumb Code    52  ff.o(.text)
    sync_fs                                  0x08002e17   Thumb Code   200  ff.o(.text)
    remove_chain                             0x08003131   Thumb Code   108  ff.o(.text)
    create_chain                             0x0800319d   Thumb Code   214  ff.o(.text)
    dir_sdi                                  0x08003273   Thumb Code   158  ff.o(.text)
    dir_next                                 0x08003311   Thumb Code   268  ff.o(.text)
    dir_alloc                                0x0800341d   Thumb Code    92  ff.o(.text)
    ld_clust                                 0x08003479   Thumb Code    32  ff.o(.text)
    st_clust                                 0x08003499   Thumb Code    16  ff.o(.text)
    cmp_lfn                                  0x080034a9   Thumb Code   138  ff.o(.text)
    pick_lfn                                 0x08003533   Thumb Code   112  ff.o(.text)
    fit_lfn                                  0x080035a3   Thumb Code   122  ff.o(.text)
    gen_numname                              0x0800361d   Thumb Code   176  ff.o(.text)
    sum_sfn                                  0x080036cd   Thumb Code    32  ff.o(.text)
    dir_find                                 0x080036ed   Thumb Code   234  ff.o(.text)
    dir_read                                 0x080037d7   Thumb Code   198  ff.o(.text)
    dir_register                             0x0800389d   Thumb Code   308  ff.o(.text)
    dir_remove                               0x080039d1   Thumb Code   106  ff.o(.text)
    get_fileinfo                             0x08003a3b   Thumb Code   258  ff.o(.text)
    create_name                              0x08003b3d   Thumb Code   534  ff.o(.text)
    follow_path                              0x08003d53   Thumb Code   144  ff.o(.text)
    get_ldnumber                             0x08003de3   Thumb Code    72  ff.o(.text)
    check_fs                                 0x08003e2b   Thumb Code   140  ff.o(.text)
    find_volume                              0x08003eb7   Thumb Code   936  ff.o(.text)
    validate                                 0x0800425f   Thumb Code    54  ff.o(.text)
    .text                                    0x080050d4   Section        0  ccsbcs.o(.text)
    .text                                    0x08005154   Section        0  cv_bsp_usart.o(.text)
    .text                                    0x08005558   Section        0  cv_bsp_gpio.o(.text)
    .text                                    0x08005680   Section        0  cv_bsp_timer.o(.text)
    .text                                    0x08005834   Section        0  cv_bsp_ckl.o(.text)
    .text                                    0x080058f8   Section        0  system_stm32f4xx.o(.text)
    SetSysClock                              0x080058f9   Thumb Code   218  system_stm32f4xx.o(.text)
    .text                                    0x08005b04   Section        0  misc.o(.text)
    .text                                    0x08005be8   Section        0  stm32f4xx_flash.o(.text)
    .text                                    0x0800627c   Section        0  stm32f4xx_gpio.o(.text)
    .text                                    0x08006510   Section        0  stm32f4xx_rcc.o(.text)
    .text                                    0x08006b6c   Section        0  stm32f4xx_spi.o(.text)
    .text                                    0x08006fe8   Section        0  stm32f4xx_tim.o(.text)
    TI4_Config                               0x08007787   Thumb Code    80  stm32f4xx_tim.o(.text)
    TI3_Config                               0x080077e9   Thumb Code    72  stm32f4xx_tim.o(.text)
    TI2_Config                               0x0800784b   Thumb Code    90  stm32f4xx_tim.o(.text)
    TI1_Config                               0x080078b7   Thumb Code    58  stm32f4xx_tim.o(.text)
    .text                                    0x08007c8c   Section        0  stm32f4xx_usart.o(.text)
    .text                                    0x080080e0   Section       64  startup_stm32f40xx.o(.text)
    $v0                                      0x080080e0   Number         0  startup_stm32f40xx.o(.text)
    .text                                    0x08008120   Section        0  noretval__2printf.o(.text)
    .text                                    0x08008138   Section        0  __printf.o(.text)
    .text                                    0x080081a0   Section        0  _printf_str.o(.text)
    .text                                    0x080081f4   Section        0  _printf_dec.o(.text)
    .text                                    0x0800826c   Section        0  _printf_hex_int.o(.text)
    .text                                    0x080082c8   Section        0  memcmp.o(.text)
    .text                                    0x08008320   Section      138  rt_memcpy_v6.o(.text)
    .text                                    0x080083aa   Section      100  rt_memcpy_w.o(.text)
    .text                                    0x0800840e   Section       68  rt_memclr.o(.text)
    .text                                    0x08008452   Section       78  rt_memclr_w.o(.text)
    .text                                    0x080084a0   Section      128  strcmpv7m.o(.text)
    .text                                    0x08008520   Section        0  heapauxi.o(.text)
    .text                                    0x08008526   Section        0  _printf_intcommon.o(.text)
    .text                                    0x080085de   Section        0  _printf_char.o(.text)
    .text                                    0x0800860c   Section        0  _printf_char_file.o(.text)
    .text                                    0x08008630   Section        0  _printf_char_common.o(.text)
    _printf_input_char                       0x08008631   Thumb Code    10  _printf_char_common.o(.text)
    .text                                    0x08008660   Section        0  ferror.o(.text)
    .text                                    0x08008668   Section       74  sys_stackheap_outer.o(.text)
    .text                                    0x080086b2   Section        0  exit.o(.text)
    .text                                    0x080086c0   Section        8  libspace.o(.text)
    .text                                    0x080086c8   Section        0  sys_exit.o(.text)
    .text                                    0x080086d4   Section        2  use_no_semi.o(.text)
    .text                                    0x080086d6   Section        0  indicate_semi.o(.text)
    i.MSD0_spi_read_write                    0x080086d8   Section        0  cv_drives_sd_spi.o(i.MSD0_spi_read_write)
    x$fpl$fpinit                             0x0800870c   Section       10  fpinit.o(x$fpl$fpinit)
    $v0                                      0x0800870c   Number         0  fpinit.o(x$fpl$fpinit)
    .constdata                               0x08008718   Section       96  cv_app_upgrade.o(.constdata)
    .constdata                               0x08008778   Section      141  ff.o(.constdata)
    ExCvt                                    0x08008778   Data         128  ff.o(.constdata)
    LfnOfs                                   0x080087f8   Data          13  ff.o(.constdata)
    .constdata                               0x08008806   Section     1216  ccsbcs.o(.constdata)
    Tbl                                      0x08008806   Data         256  ccsbcs.o(.constdata)
    tbl_lower                                0x08008906   Data         480  ccsbcs.o(.constdata)
    tbl_upper                                0x08008ae6   Data         480  ccsbcs.o(.constdata)
    .constdata                               0x08008cc6   Section       40  _printf_hex_int.o(.constdata)
    uc_hextab                                0x08008cc6   Data          20  _printf_hex_int.o(.constdata)
    lc_hextab                                0x08008cda   Data          20  _printf_hex_int.o(.constdata)
    .data                                    0x20000000   Section        6  cv_app_upgrade.o(.data)
    .data                                    0x20000006   Section        1  cv_app_iap.o(.data)
    key_press_count                          0x20000006   Data           1  cv_app_iap.o(.data)
    .data                                    0x20000008   Section        8  cv_drives_flash.o(.data)
    .data                                    0x20000010   Section       64  cv_drives_md5.o(.data)
    PADDING                                  0x20000010   Data          64  cv_drives_md5.o(.data)
    .data                                    0x20000050   Section        6  ff.o(.data)
    FatFs                                    0x20000050   Data           4  ff.o(.data)
    Fsid                                     0x20000054   Data           2  ff.o(.data)
    .data                                    0x20000058   Section        8  cv_bsp_usart.o(.data)
    .data                                    0x20000060   Section        2  cv_bsp_gpio.o(.data)
    led_count                                0x20000060   Data           1  cv_bsp_gpio.o(.data)
    .data                                    0x20000064   Section       24  cv_bsp_timer.o(.data)
    .data                                    0x2000007c   Section        8  cv_bsp_ckl.o(.data)
    .data                                    0x20000084   Section       20  system_stm32f4xx.o(.data)
    .data                                    0x20000098   Section       16  stm32f4xx_rcc.o(.data)
    APBAHBPrescTable                         0x20000098   Data          16  stm32f4xx_rcc.o(.data)
    .bss                                     0x200000a8   Section     1152  cv_app_iap.o(.bss)
    .bss                                     0x20000528   Section      188  cv_drives_flash.o(.bss)
    .bss                                     0x200005e4   Section       88  cv_drives_sd_spi.o(.bss)
    .bss                                     0x2000063c   Section      512  ff.o(.bss)
    LfnBuf                                   0x2000063c   Data         512  ff.o(.bss)
    .bss                                     0x2000083c   Section       22  cv_bsp_usart.o(.bss)
    .bss                                     0x20000854   Section       16  cv_bsp_ckl.o(.bss)
    .bss                                     0x20000864   Section       96  libspace.o(.bss)
    HEAP                                     0x200008c8   Section      512  startup_stm32f40xx.o(HEAP)
    Heap_Mem                                 0x200008c8   Data         512  startup_stm32f40xx.o(HEAP)
    STACK                                    0x20000ac8   Section     2048  startup_stm32f40xx.o(STACK)
    Stack_Mem                                0x20000ac8   Data        2048  startup_stm32f40xx.o(STACK)
    __initial_sp                             0x200012c8   Data           0  startup_stm32f40xx.o(STACK)

    Global Symbols

    Symbol Name                              Value     Ov Type        Size  Object(Section)

    BuildAttributes$$THM_ISAv4$E$P$D$K$B$S$7EM$VFPi3$EXTD16$VFPS$VFMA$PE$A:L22UL41UL21$X:L11$S22US41US21$IEEE1$IW$USESV6$~STKCKD$USESV7$~SHL$OSPACE$ROPI$EBA8$UX$STANDARDLIB$REQ8$PRES8$EABIv2 0x00000000   Number         0  anon$$obj.o ABSOLUTE
    __ARM_use_no_argv                        0x00000000   Number         0  cv_sys_main.o ABSOLUTE
    __ARM_exceptions_init                     - Undefined Weak Reference
    __alloca_initialize                       - Undefined Weak Reference
    __cpp_initialize__aeabi_                  - Undefined Weak Reference
    __cxa_finalize                            - Undefined Weak Reference
    __rt_locale                               - Undefined Weak Reference
    __sigvec_lookup                           - Undefined Weak Reference
    _atexit_init                              - Undefined Weak Reference
    _call_atexit_fns                          - Undefined Weak Reference
    _clock_init                               - Undefined Weak Reference
    _fp_trap_init                             - Undefined Weak Reference
    _fp_trap_shutdown                         - Undefined Weak Reference
    _get_lc_collate                           - Undefined Weak Reference
    _get_lc_ctype                             - Undefined Weak Reference
    _get_lc_monetary                          - Undefined Weak Reference
    _get_lc_numeric                           - Undefined Weak Reference
    _get_lc_time                              - Undefined Weak Reference
    _getenv_init                              - Undefined Weak Reference
    _handle_redirection                       - Undefined Weak Reference
    _init_alloc                               - Undefined Weak Reference
    _init_user_alloc                          - Undefined Weak Reference
    _initio                                   - Undefined Weak Reference
    _mutex_acquire                            - Undefined Weak Reference
    _mutex_release                            - Undefined Weak Reference
    _printf_mbtowc                            - Undefined Weak Reference
    _printf_post_padding                      - Undefined Weak Reference
    _printf_pre_padding                       - Undefined Weak Reference
    _printf_truncate_signed                   - Undefined Weak Reference
    _printf_truncate_unsigned                 - Undefined Weak Reference
    _rand_init                                - Undefined Weak Reference
    _signal_finish                            - Undefined Weak Reference
    _signal_init                              - Undefined Weak Reference
    _terminate_alloc                          - Undefined Weak Reference
    _terminate_user_alloc                     - Undefined Weak Reference
    _terminateio                              - Undefined Weak Reference
    __Vectors_Size                           0x00000188   Number         0  startup_stm32f40xx.o ABSOLUTE
    __Vectors                                0x08000000   Data           4  startup_stm32f40xx.o(RESET)
    __Vectors_End                            0x08000188   Data           0  startup_stm32f40xx.o(RESET)
    __main                                   0x08000189   Thumb Code     8  __main.o(!!!main)
    __scatterload                            0x08000191   Thumb Code     0  __scatter.o(!!!scatter)
    __scatterload_rt2                        0x08000191   Thumb Code    44  __scatter.o(!!!scatter)
    __scatterload_rt2_thumb_only             0x08000191   Thumb Code     0  __scatter.o(!!!scatter)
    __scatterload_null                       0x0800019f   Thumb Code     0  __scatter.o(!!!scatter)
    __scatterload_copy                       0x080001c5   Thumb Code    26  __scatter_copy.o(!!handler_copy)
    __scatterload_zeroinit                   0x080001e1   Thumb Code    28  __scatter_zi.o(!!handler_zi)
    _printf_d                                0x080001fd   Thumb Code     0  _printf_d.o(.ARM.Collect$$_printf_percent$$00000009)
    _printf_percent                          0x080001fd   Thumb Code     0  _printf_percent.o(.ARM.Collect$$_printf_percent$$00000000)
    _printf_x                                0x08000203   Thumb Code     0  _printf_x.o(.ARM.Collect$$_printf_percent$$0000000C)
    _printf_s                                0x08000209   Thumb Code     0  _printf_s.o(.ARM.Collect$$_printf_percent$$00000014)
    _printf_percent_end                      0x0800020f   Thumb Code     0  _printf_percent_end.o(.ARM.Collect$$_printf_percent$$00000017)
    __rt_lib_init                            0x08000213   Thumb Code     0  libinit.o(.ARM.Collect$$libinit$$00000000)
    __rt_lib_init_fp_1                       0x08000215   Thumb Code     0  libinit2.o(.ARM.Collect$$libinit$$00000001)
    __rt_lib_init_alloca_1                   0x08000219   Thumb Code     0  libinit2.o(.ARM.Collect$$libinit$$0000002C)
    __rt_lib_init_argv_1                     0x08000219   Thumb Code     0  libinit2.o(.ARM.Collect$$libinit$$0000002A)
    __rt_lib_init_atexit_1                   0x08000219   Thumb Code     0  libinit2.o(.ARM.Collect$$libinit$$00000019)
    __rt_lib_init_clock_1                    0x08000219   Thumb Code     0  libinit2.o(.ARM.Collect$$libinit$$0000001F)
    __rt_lib_init_cpp_1                      0x08000219   Thumb Code     0  libinit2.o(.ARM.Collect$$libinit$$00000030)
    __rt_lib_init_exceptions_1               0x08000219   Thumb Code     0  libinit2.o(.ARM.Collect$$libinit$$0000002E)
    __rt_lib_init_fp_trap_1                  0x08000219   Thumb Code     0  libinit2.o(.ARM.Collect$$libinit$$0000001D)
    __rt_lib_init_getenv_1                   0x08000219   Thumb Code     0  libinit2.o(.ARM.Collect$$libinit$$00000021)
    __rt_lib_init_heap_1                     0x08000219   Thumb Code     0  libinit2.o(.ARM.Collect$$libinit$$00000008)
    __rt_lib_init_lc_collate_1               0x08000219   Thumb Code     0  libinit2.o(.ARM.Collect$$libinit$$0000000F)
    __rt_lib_init_lc_ctype_1                 0x08000219   Thumb Code     0  libinit2.o(.ARM.Collect$$libinit$$00000011)
    __rt_lib_init_lc_monetary_1              0x08000219   Thumb Code     0  libinit2.o(.ARM.Collect$$libinit$$00000013)
    __rt_lib_init_lc_numeric_1               0x08000219   Thumb Code     0  libinit2.o(.ARM.Collect$$libinit$$00000015)
    __rt_lib_init_lc_time_1                  0x08000219   Thumb Code     0  libinit2.o(.ARM.Collect$$libinit$$00000017)
    __rt_lib_init_rand_1                     0x08000219   Thumb Code     0  libinit2.o(.ARM.Collect$$libinit$$0000000C)
    __rt_lib_init_return                     0x08000219   Thumb Code     0  libinit2.o(.ARM.Collect$$libinit$$00000031)
    __rt_lib_init_signal_1                   0x08000219   Thumb Code     0  libinit2.o(.ARM.Collect$$libinit$$0000001B)
    __rt_lib_init_stdio_1                    0x08000219   Thumb Code     0  libinit2.o(.ARM.Collect$$libinit$$00000023)
    __rt_lib_init_user_alloc_1               0x08000219   Thumb Code     0  libinit2.o(.ARM.Collect$$libinit$$0000000A)
    __rt_lib_shutdown                        0x0800021b   Thumb Code     0  libshutdown.o(.ARM.Collect$$libshutdown$$00000000)
    __rt_lib_shutdown_fp_trap_1              0x0800021d   Thumb Code     0  libshutdown2.o(.ARM.Collect$$libshutdown$$00000006)
    __rt_lib_shutdown_heap_1                 0x0800021d   Thumb Code     0  libshutdown2.o(.ARM.Collect$$libshutdown$$0000000E)
    __rt_lib_shutdown_return                 0x0800021d   Thumb Code     0  libshutdown2.o(.ARM.Collect$$libshutdown$$0000000F)
    __rt_lib_shutdown_signal_1               0x0800021d   Thumb Code     0  libshutdown2.o(.ARM.Collect$$libshutdown$$00000009)
    __rt_lib_shutdown_stdio_1                0x0800021d   Thumb Code     0  libshutdown2.o(.ARM.Collect$$libshutdown$$00000003)
    __rt_lib_shutdown_user_alloc_1           0x0800021d   Thumb Code     0  libshutdown2.o(.ARM.Collect$$libshutdown$$0000000B)
    __rt_entry                               0x0800021f   Thumb Code     0  rtentry.o(.ARM.Collect$$rtentry$$00000000)
    __rt_entry_presh_1                       0x0800021f   Thumb Code     0  rtentry2.o(.ARM.Collect$$rtentry$$00000002)
    __rt_entry_sh                            0x0800021f   Thumb Code     0  rtentry4.o(.ARM.Collect$$rtentry$$00000004)
    __rt_entry_li                            0x08000225   Thumb Code     0  rtentry2.o(.ARM.Collect$$rtentry$$0000000A)
    __rt_entry_postsh_1                      0x08000225   Thumb Code     0  rtentry2.o(.ARM.Collect$$rtentry$$00000009)
    __rt_entry_main                          0x08000229   Thumb Code     0  rtentry2.o(.ARM.Collect$$rtentry$$0000000D)
    __rt_entry_postli_1                      0x08000229   Thumb Code     0  rtentry2.o(.ARM.Collect$$rtentry$$0000000C)
    __rt_exit                                0x08000231   Thumb Code     0  rtexit.o(.ARM.Collect$$rtexit$$00000000)
    __rt_exit_ls                             0x08000233   Thumb Code     0  rtexit2.o(.ARM.Collect$$rtexit$$00000003)
    __rt_exit_prels_1                        0x08000233   Thumb Code     0  rtexit2.o(.ARM.Collect$$rtexit$$00000002)
    __rt_exit_exit                           0x08000237   Thumb Code     0  rtexit2.o(.ARM.Collect$$rtexit$$00000004)
    NMI_Handler                              0x0800023d   Thumb Code     2  stm32f4xx_it.o(.text)
    HardFault_Handler                        0x0800023f   Thumb Code     4  stm32f4xx_it.o(.text)
    MemManage_Handler                        0x08000243   Thumb Code     4  stm32f4xx_it.o(.text)
    BusFault_Handler                         0x08000247   Thumb Code     4  stm32f4xx_it.o(.text)
    UsageFault_Handler                       0x0800024b   Thumb Code     4  stm32f4xx_it.o(.text)
    SVC_Handler                              0x0800024f   Thumb Code     2  stm32f4xx_it.o(.text)
    DebugMon_Handler                         0x08000251   Thumb Code     2  stm32f4xx_it.o(.text)
    PendSV_Handler                           0x08000253   Thumb Code     2  stm32f4xx_it.o(.text)
    main                                     0x080002e5   Thumb Code    20  cv_sys_main.o(.text)
    upgrade_led_display                      0x08000395   Thumb Code    54  cv_app_upgrade.o(.text)
    upgrade_req_check                        0x080003cb   Thumb Code    60  cv_app_upgrade.o(.text)
    app_upgrade_process                      0x08000407   Thumb Code   194  cv_app_upgrade.o(.text)
    app_iap_request_check                    0x080005a1   Thumb Code    50  cv_app_iap.o(.text)
    app_iap_trans_process                    0x080005d3   Thumb Code   112  cv_app_iap.o(.text)
    app_sd_request_check                     0x0800075d   Thumb Code    16  cv_app_sd.o(.text)
    file_sys_init                            0x0800076d   Thumb Code   152  cv_app_sd.o(.text)
    sd_file_trans                            0x08000805   Thumb Code   162  cv_app_sd.o(.text)
    app_sd_trans_process                     0x080008a7   Thumb Code   290  cv_app_sd.o(.text)
    FLASH_If_Init                            0x08000bd9   Thumb Code    14  flash_if.o(.text)
    FLASH_If_Erase                           0x08000c9d   Thumb Code    58  flash_if.o(.text)
    FLASH_If_Write                           0x08000cd7   Thumb Code    84  flash_if.o(.text)
    FLASH_If_GetWriteProtectionStatus        0x08000d2b   Thumb Code    40  flash_if.o(.text)
    FLASH_If_DisableWriteProtection          0x08000d53   Thumb Code    64  flash_if.o(.text)
    Ymodem_Receive                           0x08000ee5   Thumb Code   412  ymodem.o(.text)
    Ymodem_CheckResponse                     0x08001081   Thumb Code     6  ymodem.o(.text)
    Ymodem_PrepareIntialPacket               0x08001087   Thumb Code   114  ymodem.o(.text)
    Ymodem_PreparePacket                     0x080010f9   Thumb Code   140  ymodem.o(.text)
    UpdateCRC16                              0x08001185   Thumb Code    48  ymodem.o(.text)
    Cal_CRC16                                0x080011b5   Thumb Code    52  ymodem.o(.text)
    CalChecksum                              0x080011e9   Thumb Code    24  ymodem.o(.text)
    Ymodem_SendPacket                        0x08001201   Thumb Code    26  ymodem.o(.text)
    Ymodem_Transmit                          0x0800121b   Thumb Code   634  ymodem.o(.text)
    firmware_head_analysis                   0x08001495   Thumb Code    82  cv_drives_flash.o(.text)
    erase_occupy_flash                       0x080014e7   Thumb Code    74  cv_drives_flash.o(.text)
    md5_check                                0x08001531   Thumb Code    32  cv_drives_flash.o(.text)
    drives_flash_packet_write_t              0x08001551   Thumb Code   256  cv_drives_flash.o(.text)
    board_deinit                             0x08001651   Thumb Code    20  cv_drives_flash.o(.text)
    jump_to_address                          0x08001665   Thumb Code    58  cv_drives_flash.o(.text)
    application_jump                         0x0800169f   Thumb Code    58  cv_drives_flash.o(.text)
    sys_soft_reset                           0x080016d9   Thumb Code    48  cv_drives_flash.o(.text)
    MSD0_SPIHighSpeed                        0x080017bd   Thumb Code    84  cv_drives_sd_spi.o(.text)
    MSD0_SPI_Configuration                   0x08001811   Thumb Code   174  cv_drives_sd_spi.o(.text)
    MSD0_send_command                        0x080018bf   Thumb Code   130  cv_drives_sd_spi.o(.text)
    MSD0_card_insert_check                   0x08001941   Thumb Code    54  cv_drives_sd_spi.o(.text)
    MSD0_send_command_hold                   0x08001977   Thumb Code   108  cv_drives_sd_spi.o(.text)
    MSD0_Init                                0x080019e3   Thumb Code   570  cv_drives_sd_spi.o(.text)
    MSD0_read_buffer                         0x08001c1d   Thumb Code   126  cv_drives_sd_spi.o(.text)
    MSD0_GetCardInfo                         0x08001c9b   Thumb Code   716  cv_drives_sd_spi.o(.text)
    MSD0_ReadSingleBlock                     0x08001f67   Thumb Code    86  cv_drives_sd_spi.o(.text)
    MSD0_ReadMultiBlock                      0x08001fbd   Thumb Code   132  cv_drives_sd_spi.o(.text)
    MSD0_WriteSingleBlock                    0x08002041   Thumb Code   192  cv_drives_sd_spi.o(.text)
    MSD0_WriteMultiBlock                     0x08002101   Thumb Code   274  cv_drives_sd_spi.o(.text)
    wb_md5_encode                            0x0800221d   Thumb Code    62  cv_drives_md5.o(.text)
    wb_md5_decode                            0x0800225b   Thumb Code    50  cv_drives_md5.o(.text)
    wb_md5_transform                         0x0800228d   Thumb Code  1906  cv_drives_md5.o(.text)
    wb_md5_update                            0x080029ff   Thumb Code   132  cv_drives_md5.o(.text)
    wb_md5_final                             0x08002a83   Thumb Code    84  cv_drives_md5.o(.text)
    wb_md5_init                              0x08002ad7   Thumb Code    28  cv_drives_md5.o(.text)
    disk_card_check                          0x08002b69   Thumb Code     8  diskio.o(.text)
    disk_low_level_init                      0x08002b71   Thumb Code     8  diskio.o(.text)
    disk_initialize                          0x08002b79   Thumb Code    52  diskio.o(.text)
    disk_status                              0x08002bad   Thumb Code    30  diskio.o(.text)
    disk_read                                0x08002bcb   Thumb Code    90  diskio.o(.text)
    disk_write                               0x08002c25   Thumb Code    90  diskio.o(.text)
    disk_ioctl                               0x08002c7f   Thumb Code   162  diskio.o(.text)
    get_fattime                              0x08002d21   Thumb Code     4  diskio.o(.text)
    clust2sect                               0x08002edf   Thumb Code    26  ff.o(.text)
    get_fat                                  0x08002ef9   Thumb Code   242  ff.o(.text)
    put_fat                                  0x08002feb   Thumb Code   326  ff.o(.text)
    f_mount                                  0x08004295   Thumb Code    86  ff.o(.text)
    f_open                                   0x080042eb   Thumb Code   354  ff.o(.text)
    f_read                                   0x0800444d   Thumb Code   438  ff.o(.text)
    f_write                                  0x08004603   Thumb Code   472  ff.o(.text)
    f_sync                                   0x080047db   Thumb Code   174  ff.o(.text)
    f_close                                  0x08004889   Thumb Code    32  ff.o(.text)
    f_lseek                                  0x080048a9   Thumb Code   382  ff.o(.text)
    f_opendir                                0x08004a27   Thumb Code   114  ff.o(.text)
    f_closedir                               0x08004a99   Thumb Code    22  ff.o(.text)
    f_readdir                                0x08004aaf   Thumb Code    92  ff.o(.text)
    f_stat                                   0x08004b0b   Thumb Code    64  ff.o(.text)
    f_getfree                                0x08004b4b   Thumb Code   258  ff.o(.text)
    f_truncate                               0x08004c4d   Thumb Code   184  ff.o(.text)
    f_unlink                                 0x08004d05   Thumb Code   170  ff.o(.text)
    f_mkdir                                  0x08004daf   Thumb Code   360  ff.o(.text)
    f_chmod                                  0x08004f17   Thumb Code    88  ff.o(.text)
    f_rename                                 0x08004f6f   Thumb Code   262  ff.o(.text)
    f_utime                                  0x08005075   Thumb Code    90  ff.o(.text)
    ff_convert                               0x080050d5   Thumb Code    70  ccsbcs.o(.text)
    ff_wtoupper                              0x0800511b   Thumb Code    46  ccsbcs.o(.text)
    fputc                                    0x08005155   Thumb Code    32  cv_bsp_usart.o(.text)
    bsp_uart1_deinit                         0x08005175   Thumb Code    10  cv_bsp_usart.o(.text)
    bsp_uart2_deinit                         0x0800517f   Thumb Code    10  cv_bsp_usart.o(.text)
    bsp_uart1_init                           0x08005189   Thumb Code   178  cv_bsp_usart.o(.text)
    bsp_uart2_init                           0x0800523b   Thumb Code   204  cv_bsp_usart.o(.text)
    uart2_buf_check                          0x08005307   Thumb Code    20  cv_bsp_usart.o(.text)
    uart2_read_data                          0x0800531b   Thumb Code    46  cv_bsp_usart.o(.text)
    uart2_buf_read                           0x08005349   Thumb Code    54  cv_bsp_usart.o(.text)
    uart2_send_char                          0x0800537f   Thumb Code    28  cv_bsp_usart.o(.text)
    Str2Int                                  0x0800539b   Thumb Code   260  cv_bsp_usart.o(.text)
    Int2Str                                  0x0800549f   Thumb Code    84  cv_bsp_usart.o(.text)
    USART1_IRQHandler                        0x080054f3   Thumb Code    26  cv_bsp_usart.o(.text)
    USART2_IRQHandler                        0x0800550d   Thumb Code    76  cv_bsp_usart.o(.text)
    bsp_key_init                             0x08005559   Thumb Code    42  cv_bsp_gpio.o(.text)
    bsp_key_state                            0x08005583   Thumb Code    12  cv_bsp_gpio.o(.text)
    bsp_led_init                             0x0800558f   Thumb Code    56  cv_bsp_gpio.o(.text)
    led_blink                                0x080055c7   Thumb Code   176  cv_bsp_gpio.o(.text)
    bsp_tim_deinit                           0x08005681   Thumb Code    18  cv_bsp_timer.o(.text)
    bsp_tim2_init                            0x08005693   Thumb Code   156  cv_bsp_timer.o(.text)
    bsp_tim3_init                            0x0800572f   Thumb Code   160  cv_bsp_timer.o(.text)
    TIM3_IRQHandler                          0x080057cf   Thumb Code    34  cv_bsp_timer.o(.text)
    TIM2_IRQHandler                          0x080057f1   Thumb Code    34  cv_bsp_timer.o(.text)
    bsp_clk_inf_get                          0x08005835   Thumb Code    18  cv_bsp_ckl.o(.text)
    bsp_nvic_config                          0x08005847   Thumb Code    12  cv_bsp_ckl.o(.text)
    bsp_sys_tick_init                        0x08005853   Thumb Code    80  cv_bsp_ckl.o(.text)
    bsp_sys_tick_deinit                      0x080058a3   Thumb Code    10  cv_bsp_ckl.o(.text)
    sys_tick_get                             0x080058ad   Thumb Code     6  cv_bsp_ckl.o(.text)
    sys_time_delay                           0x080058b3   Thumb Code    36  cv_bsp_ckl.o(.text)
    SysTick_Handler                          0x080058d7   Thumb Code    12  cv_bsp_ckl.o(.text)
    SystemInit                               0x080059d3   Thumb Code    88  system_stm32f4xx.o(.text)
    SystemCoreClockUpdate                    0x08005a2b   Thumb Code   174  system_stm32f4xx.o(.text)
    NVIC_PriorityGroupConfig                 0x08005b05   Thumb Code    10  misc.o(.text)
    NVIC_Init                                0x08005b0f   Thumb Code   108  misc.o(.text)
    NVIC_SetVectorTable                      0x08005b7b   Thumb Code    14  misc.o(.text)
    NVIC_SystemLPConfig                      0x08005b89   Thumb Code    34  misc.o(.text)
    SysTick_CLKSourceConfig                  0x08005bab   Thumb Code    40  misc.o(.text)
    FLASH_SetLatency                         0x08005be9   Thumb Code     6  stm32f4xx_flash.o(.text)
    FLASH_PrefetchBufferCmd                  0x08005bef   Thumb Code    30  stm32f4xx_flash.o(.text)
    FLASH_InstructionCacheCmd                0x08005c0d   Thumb Code    30  stm32f4xx_flash.o(.text)
    FLASH_DataCacheCmd                       0x08005c2b   Thumb Code    30  stm32f4xx_flash.o(.text)
    FLASH_InstructionCacheReset              0x08005c49   Thumb Code    14  stm32f4xx_flash.o(.text)
    FLASH_DataCacheReset                     0x08005c57   Thumb Code    14  stm32f4xx_flash.o(.text)
    FLASH_Unlock                             0x08005c65   Thumb Code    26  stm32f4xx_flash.o(.text)
    FLASH_Lock                               0x08005c7f   Thumb Code    18  stm32f4xx_flash.o(.text)
    FLASH_GetStatus                          0x08005c91   Thumb Code    90  stm32f4xx_flash.o(.text)
    FLASH_WaitForLastOperation               0x08005ceb   Thumb Code    34  stm32f4xx_flash.o(.text)
    FLASH_EraseSector                        0x08005d0d   Thumb Code   140  stm32f4xx_flash.o(.text)
    FLASH_EraseAllSectors                    0x08005d99   Thumb Code   112  stm32f4xx_flash.o(.text)
    FLASH_EraseAllBank1Sectors               0x08005e09   Thumb Code   112  stm32f4xx_flash.o(.text)
    FLASH_EraseAllBank2Sectors               0x08005e79   Thumb Code   112  stm32f4xx_flash.o(.text)
    FLASH_ProgramDoubleWord                  0x08005ee9   Thumb Code    88  stm32f4xx_flash.o(.text)
    FLASH_ProgramWord                        0x08005f41   Thumb Code    82  stm32f4xx_flash.o(.text)
    FLASH_ProgramHalfWord                    0x08005f93   Thumb Code    94  stm32f4xx_flash.o(.text)
    FLASH_ProgramByte                        0x08005ff1   Thumb Code    70  stm32f4xx_flash.o(.text)
    FLASH_OB_Unlock                          0x08006037   Thumb Code    26  stm32f4xx_flash.o(.text)
    FLASH_OB_Lock                            0x08006051   Thumb Code    18  stm32f4xx_flash.o(.text)
    FLASH_OB_WRPConfig                       0x08006063   Thumb Code    54  stm32f4xx_flash.o(.text)
    FLASH_OB_WRP1Config                      0x08006099   Thumb Code    54  stm32f4xx_flash.o(.text)
    FLASH_OB_PCROPSelectionConfig            0x080060cf   Thumb Code    24  stm32f4xx_flash.o(.text)
    FLASH_OB_PCROPConfig                     0x080060e7   Thumb Code    54  stm32f4xx_flash.o(.text)
    FLASH_OB_PCROP1Config                    0x0800611d   Thumb Code    54  stm32f4xx_flash.o(.text)
    FLASH_OB_RDPConfig                       0x08006153   Thumb Code    24  stm32f4xx_flash.o(.text)
    FLASH_OB_UserConfig                      0x0800616b   Thumb Code    46  stm32f4xx_flash.o(.text)
    FLASH_OB_BootConfig                      0x08006199   Thumb Code    26  stm32f4xx_flash.o(.text)
    FLASH_OB_BORConfig                       0x080061b3   Thumb Code    26  stm32f4xx_flash.o(.text)
    FLASH_OB_Launch                          0x080061cd   Thumb Code    30  stm32f4xx_flash.o(.text)
    FLASH_OB_GetUser                         0x080061eb   Thumb Code    12  stm32f4xx_flash.o(.text)
    FLASH_OB_GetWRP                          0x080061f7   Thumb Code     8  stm32f4xx_flash.o(.text)
    FLASH_OB_GetWRP1                         0x080061ff   Thumb Code     8  stm32f4xx_flash.o(.text)
    FLASH_OB_GetPCROP                        0x08006207   Thumb Code     8  stm32f4xx_flash.o(.text)
    FLASH_OB_GetPCROP1                       0x0800620f   Thumb Code     8  stm32f4xx_flash.o(.text)
    FLASH_OB_GetRDP                          0x08006217   Thumb Code    20  stm32f4xx_flash.o(.text)
    FLASH_OB_GetBOR                          0x0800622b   Thumb Code    12  stm32f4xx_flash.o(.text)
    FLASH_ITConfig                           0x08006237   Thumb Code    26  stm32f4xx_flash.o(.text)
    FLASH_GetFlagStatus                      0x08006251   Thumb Code    22  stm32f4xx_flash.o(.text)
    FLASH_ClearFlag                          0x08006267   Thumb Code     8  stm32f4xx_flash.o(.text)
    GPIO_DeInit                              0x0800627d   Thumb Code   268  stm32f4xx_gpio.o(.text)
    GPIO_Init                                0x08006389   Thumb Code   144  stm32f4xx_gpio.o(.text)
    GPIO_StructInit                          0x08006419   Thumb Code    18  stm32f4xx_gpio.o(.text)
    GPIO_PinLockConfig                       0x0800642b   Thumb Code    34  stm32f4xx_gpio.o(.text)
    GPIO_ReadInputDataBit                    0x0800644d   Thumb Code    18  stm32f4xx_gpio.o(.text)
    GPIO_ReadInputData                       0x0800645f   Thumb Code     8  stm32f4xx_gpio.o(.text)
    GPIO_ReadOutputDataBit                   0x08006467   Thumb Code    18  stm32f4xx_gpio.o(.text)
    GPIO_ReadOutputData                      0x08006479   Thumb Code     8  stm32f4xx_gpio.o(.text)
    GPIO_SetBits                             0x08006481   Thumb Code     4  stm32f4xx_gpio.o(.text)
    GPIO_ResetBits                           0x08006485   Thumb Code     4  stm32f4xx_gpio.o(.text)
    GPIO_WriteBit                            0x08006489   Thumb Code    10  stm32f4xx_gpio.o(.text)
    GPIO_Write                               0x08006493   Thumb Code     4  stm32f4xx_gpio.o(.text)
    GPIO_ToggleBits                          0x08006497   Thumb Code     8  stm32f4xx_gpio.o(.text)
    GPIO_PinAFConfig                         0x0800649f   Thumb Code    70  stm32f4xx_gpio.o(.text)
    RCC_DeInit                               0x08006511   Thumb Code    82  stm32f4xx_rcc.o(.text)
    RCC_HSEConfig                            0x08006563   Thumb Code    14  stm32f4xx_rcc.o(.text)
    RCC_GetFlagStatus                        0x08006571   Thumb Code    60  stm32f4xx_rcc.o(.text)
    RCC_WaitForHSEStartUp                    0x080065ad   Thumb Code    56  stm32f4xx_rcc.o(.text)
    RCC_AdjustHSICalibrationValue            0x080065e5   Thumb Code    20  stm32f4xx_rcc.o(.text)
    RCC_HSICmd                               0x080065f9   Thumb Code     6  stm32f4xx_rcc.o(.text)
    RCC_LSEConfig                            0x080065ff   Thumb Code    46  stm32f4xx_rcc.o(.text)
    RCC_LSICmd                               0x0800662d   Thumb Code     6  stm32f4xx_rcc.o(.text)
    RCC_PLLConfig                            0x08006633   Thumb Code    32  stm32f4xx_rcc.o(.text)
    RCC_PLLCmd                               0x08006653   Thumb Code     6  stm32f4xx_rcc.o(.text)
    RCC_PLLI2SConfig                         0x08006659   Thumb Code    14  stm32f4xx_rcc.o(.text)
    RCC_PLLI2SCmd                            0x08006667   Thumb Code     6  stm32f4xx_rcc.o(.text)
    RCC_PLLSAIConfig                         0x0800666d   Thumb Code    20  stm32f4xx_rcc.o(.text)
    RCC_PLLSAICmd                            0x08006681   Thumb Code     6  stm32f4xx_rcc.o(.text)
    RCC_ClockSecuritySystemCmd               0x08006687   Thumb Code     6  stm32f4xx_rcc.o(.text)
    RCC_MCO1Config                           0x0800668d   Thumb Code    28  stm32f4xx_rcc.o(.text)
    RCC_MCO2Config                           0x080066a9   Thumb Code    28  stm32f4xx_rcc.o(.text)
    RCC_SYSCLKConfig                         0x080066c5   Thumb Code    20  stm32f4xx_rcc.o(.text)
    RCC_GetSYSCLKSource                      0x080066d9   Thumb Code    12  stm32f4xx_rcc.o(.text)
    RCC_HCLKConfig                           0x080066e5   Thumb Code    20  stm32f4xx_rcc.o(.text)
    RCC_PCLK1Config                          0x080066f9   Thumb Code    20  stm32f4xx_rcc.o(.text)
    RCC_PCLK2Config                          0x0800670d   Thumb Code    22  stm32f4xx_rcc.o(.text)
    RCC_GetClocksFreq                        0x08006723   Thumb Code   222  stm32f4xx_rcc.o(.text)
    RCC_RTCCLKConfig                         0x08006801   Thumb Code    54  stm32f4xx_rcc.o(.text)
    RCC_RTCCLKCmd                            0x08006837   Thumb Code     8  stm32f4xx_rcc.o(.text)
    RCC_BackupResetCmd                       0x0800683f   Thumb Code     8  stm32f4xx_rcc.o(.text)
    RCC_I2SCLKConfig                         0x08006847   Thumb Code     6  stm32f4xx_rcc.o(.text)
    RCC_SAIPLLI2SClkDivConfig                0x0800684d   Thumb Code    26  stm32f4xx_rcc.o(.text)
    RCC_SAIPLLSAIClkDivConfig                0x08006867   Thumb Code    28  stm32f4xx_rcc.o(.text)
    RCC_SAIBlockACLKConfig                   0x08006883   Thumb Code    20  stm32f4xx_rcc.o(.text)
    RCC_SAIBlockBCLKConfig                   0x08006897   Thumb Code    20  stm32f4xx_rcc.o(.text)
    RCC_LTDCCLKDivConfig                     0x080068ab   Thumb Code    20  stm32f4xx_rcc.o(.text)
    RCC_TIMCLKPresConfig                     0x080068bf   Thumb Code     6  stm32f4xx_rcc.o(.text)
    RCC_AHB1PeriphClockCmd                   0x080068c5   Thumb Code    34  stm32f4xx_rcc.o(.text)
    RCC_AHB2PeriphClockCmd                   0x080068e7   Thumb Code    78  stm32f4xx_rcc.o(.text)
    RCC_AHB3PeriphClockCmd                   0x08006935   Thumb Code    34  stm32f4xx_rcc.o(.text)
    RCC_APB1PeriphClockCmd                   0x08006957   Thumb Code    34  stm32f4xx_rcc.o(.text)
    RCC_APB2PeriphClockCmd                   0x08006979   Thumb Code    34  stm32f4xx_rcc.o(.text)
    RCC_AHB1PeriphResetCmd                   0x0800699b   Thumb Code    34  stm32f4xx_rcc.o(.text)
    RCC_AHB2PeriphResetCmd                   0x080069bd   Thumb Code    34  stm32f4xx_rcc.o(.text)
    RCC_AHB3PeriphResetCmd                   0x080069df   Thumb Code    34  stm32f4xx_rcc.o(.text)
    RCC_APB1PeriphResetCmd                   0x08006a01   Thumb Code    34  stm32f4xx_rcc.o(.text)
    RCC_APB2PeriphResetCmd                   0x08006a23   Thumb Code    34  stm32f4xx_rcc.o(.text)
    RCC_AHB1PeriphClockLPModeCmd             0x08006a45   Thumb Code    34  stm32f4xx_rcc.o(.text)
    RCC_AHB2PeriphClockLPModeCmd             0x08006a67   Thumb Code    34  stm32f4xx_rcc.o(.text)
    RCC_AHB3PeriphClockLPModeCmd             0x08006a89   Thumb Code    34  stm32f4xx_rcc.o(.text)
    RCC_APB1PeriphClockLPModeCmd             0x08006aab   Thumb Code    34  stm32f4xx_rcc.o(.text)
    RCC_APB2PeriphClockLPModeCmd             0x08006acd   Thumb Code    34  stm32f4xx_rcc.o(.text)
    RCC_LSEModeConfig                        0x08006aef   Thumb Code    40  stm32f4xx_rcc.o(.text)
    RCC_ITConfig                             0x08006b17   Thumb Code    34  stm32f4xx_rcc.o(.text)
    RCC_ClearFlag                            0x08006b39   Thumb Code    18  stm32f4xx_rcc.o(.text)
    RCC_GetITStatus                          0x08006b4b   Thumb Code    22  stm32f4xx_rcc.o(.text)
    RCC_ClearITPendingBit                    0x08006b61   Thumb Code     8  stm32f4xx_rcc.o(.text)
    SPI_I2S_DeInit                           0x08006b6d   Thumb Code   152  stm32f4xx_spi.o(.text)
    SPI_Init                                 0x08006c05   Thumb Code    60  stm32f4xx_spi.o(.text)
    I2S_Init                                 0x08006c41   Thumb Code   392  stm32f4xx_spi.o(.text)
    SPI_StructInit                           0x08006dc9   Thumb Code    24  stm32f4xx_spi.o(.text)
    I2S_StructInit                           0x08006de1   Thumb Code    20  stm32f4xx_spi.o(.text)
    SPI_Cmd                                  0x08006df5   Thumb Code    24  stm32f4xx_spi.o(.text)
    I2S_Cmd                                  0x08006e0d   Thumb Code    24  stm32f4xx_spi.o(.text)
    SPI_DataSizeConfig                       0x08006e25   Thumb Code    18  stm32f4xx_spi.o(.text)
    SPI_BiDirectionalLineConfig              0x08006e37   Thumb Code    28  stm32f4xx_spi.o(.text)
    SPI_NSSInternalSoftwareConfig            0x08006e53   Thumb Code    30  stm32f4xx_spi.o(.text)
    SPI_SSOutputCmd                          0x08006e71   Thumb Code    24  stm32f4xx_spi.o(.text)
    SPI_TIModeCmd                            0x08006e89   Thumb Code    24  stm32f4xx_spi.o(.text)
    I2S_FullDuplexConfig                     0x08006ea1   Thumb Code    80  stm32f4xx_spi.o(.text)
    SPI_I2S_ReceiveData                      0x08006ef1   Thumb Code     6  stm32f4xx_spi.o(.text)
    SPI_I2S_SendData                         0x08006ef7   Thumb Code     4  stm32f4xx_spi.o(.text)
    SPI_CalculateCRC                         0x08006efb   Thumb Code    24  stm32f4xx_spi.o(.text)
    SPI_TransmitCRC                          0x08006f13   Thumb Code    10  stm32f4xx_spi.o(.text)
    SPI_GetCRC                               0x08006f1d   Thumb Code    16  stm32f4xx_spi.o(.text)
    SPI_GetCRCPolynomial                     0x08006f2d   Thumb Code     6  stm32f4xx_spi.o(.text)
    SPI_I2S_DMACmd                           0x08006f33   Thumb Code    18  stm32f4xx_spi.o(.text)
    SPI_I2S_ITConfig                         0x08006f45   Thumb Code    68  stm32f4xx_spi.o(.text)
    SPI_I2S_GetFlagStatus                    0x08006f89   Thumb Code    18  stm32f4xx_spi.o(.text)
    SPI_I2S_ClearFlag                        0x08006f9b   Thumb Code     6  stm32f4xx_spi.o(.text)
    SPI_I2S_GetITStatus                      0x08006fa1   Thumb Code    52  stm32f4xx_spi.o(.text)
    SPI_I2S_ClearITPendingBit                0x08006fd5   Thumb Code    20  stm32f4xx_spi.o(.text)
    TIM_DeInit                               0x08006fe9   Thumb Code   346  stm32f4xx_tim.o(.text)
    TIM_TimeBaseInit                         0x08007143   Thumb Code   104  stm32f4xx_tim.o(.text)
    TIM_TimeBaseStructInit                   0x080071ab   Thumb Code    18  stm32f4xx_tim.o(.text)
    TIM_PrescalerConfig                      0x080071bd   Thumb Code     6  stm32f4xx_tim.o(.text)
    TIM_CounterModeConfig                    0x080071c3   Thumb Code    18  stm32f4xx_tim.o(.text)
    TIM_SetCounter                           0x080071d5   Thumb Code     4  stm32f4xx_tim.o(.text)
    TIM_SetAutoreload                        0x080071d9   Thumb Code     4  stm32f4xx_tim.o(.text)
    TIM_GetCounter                           0x080071dd   Thumb Code     6  stm32f4xx_tim.o(.text)
    TIM_GetPrescaler                         0x080071e3   Thumb Code     6  stm32f4xx_tim.o(.text)
    TIM_UpdateDisableConfig                  0x080071e9   Thumb Code    24  stm32f4xx_tim.o(.text)
    TIM_UpdateRequestConfig                  0x08007201   Thumb Code    24  stm32f4xx_tim.o(.text)
    TIM_ARRPreloadConfig                     0x08007219   Thumb Code    24  stm32f4xx_tim.o(.text)
    TIM_SelectOnePulseMode                   0x08007231   Thumb Code    18  stm32f4xx_tim.o(.text)
    TIM_SetClockDivision                     0x08007243   Thumb Code    18  stm32f4xx_tim.o(.text)
    TIM_Cmd                                  0x08007255   Thumb Code    24  stm32f4xx_tim.o(.text)
    TIM_OC1Init                              0x0800726d   Thumb Code   114  stm32f4xx_tim.o(.text)
    TIM_OC2Init                              0x080072df   Thumb Code   154  stm32f4xx_tim.o(.text)
    TIM_OC3Init                              0x08007379   Thumb Code   204  stm32f4xx_tim.o(.text)
    TIM_OC4Init                              0x08007445   Thumb Code   112  stm32f4xx_tim.o(.text)
    TIM_OCStructInit                         0x080074b5   Thumb Code    20  stm32f4xx_tim.o(.text)
    TIM_SelectOCxM                           0x080074c9   Thumb Code    86  stm32f4xx_tim.o(.text)
    TIM_SetCompare1                          0x0800751f   Thumb Code     4  stm32f4xx_tim.o(.text)
    TIM_SetCompare2                          0x08007523   Thumb Code     4  stm32f4xx_tim.o(.text)
    TIM_SetCompare3                          0x08007527   Thumb Code     4  stm32f4xx_tim.o(.text)
    TIM_SetCompare4                          0x0800752b   Thumb Code     4  stm32f4xx_tim.o(.text)
    TIM_ForcedOC1Config                      0x0800752f   Thumb Code    18  stm32f4xx_tim.o(.text)
    TIM_ForcedOC2Config                      0x08007541   Thumb Code    26  stm32f4xx_tim.o(.text)
    TIM_ForcedOC3Config                      0x0800755b   Thumb Code    18  stm32f4xx_tim.o(.text)
    TIM_ForcedOC4Config                      0x0800756d   Thumb Code    26  stm32f4xx_tim.o(.text)
    TIM_OC1PreloadConfig                     0x08007587   Thumb Code    18  stm32f4xx_tim.o(.text)
    TIM_OC2PreloadConfig                     0x08007599   Thumb Code    26  stm32f4xx_tim.o(.text)
    TIM_OC3PreloadConfig                     0x080075b3   Thumb Code    18  stm32f4xx_tim.o(.text)
    TIM_OC4PreloadConfig                     0x080075c5   Thumb Code    26  stm32f4xx_tim.o(.text)
    TIM_OC1FastConfig                        0x080075df   Thumb Code    18  stm32f4xx_tim.o(.text)
    TIM_OC2FastConfig                        0x080075f1   Thumb Code    26  stm32f4xx_tim.o(.text)
    TIM_OC3FastConfig                        0x0800760b   Thumb Code    18  stm32f4xx_tim.o(.text)
    TIM_OC4FastConfig                        0x0800761d   Thumb Code    26  stm32f4xx_tim.o(.text)
    TIM_ClearOC1Ref                          0x08007637   Thumb Code    18  stm32f4xx_tim.o(.text)
    TIM_ClearOC2Ref                          0x08007649   Thumb Code    24  stm32f4xx_tim.o(.text)
    TIM_ClearOC3Ref                          0x08007661   Thumb Code    18  stm32f4xx_tim.o(.text)
    TIM_ClearOC4Ref                          0x08007673   Thumb Code    24  stm32f4xx_tim.o(.text)
    TIM_OC1PolarityConfig                    0x0800768b   Thumb Code    18  stm32f4xx_tim.o(.text)
    TIM_OC1NPolarityConfig                   0x0800769d   Thumb Code    18  stm32f4xx_tim.o(.text)
    TIM_OC2PolarityConfig                    0x080076af   Thumb Code    26  stm32f4xx_tim.o(.text)
    TIM_OC2NPolarityConfig                   0x080076c9   Thumb Code    26  stm32f4xx_tim.o(.text)
    TIM_OC3PolarityConfig                    0x080076e3   Thumb Code    26  stm32f4xx_tim.o(.text)
    TIM_OC3NPolarityConfig                   0x080076fd   Thumb Code    26  stm32f4xx_tim.o(.text)
    TIM_OC4PolarityConfig                    0x08007717   Thumb Code    26  stm32f4xx_tim.o(.text)
    TIM_CCxCmd                               0x08007731   Thumb Code    30  stm32f4xx_tim.o(.text)
    TIM_CCxNCmd                              0x0800774f   Thumb Code    30  stm32f4xx_tim.o(.text)
    TIM_SetIC4Prescaler                      0x0800776d   Thumb Code    26  stm32f4xx_tim.o(.text)
    TIM_SetIC3Prescaler                      0x080077d7   Thumb Code    18  stm32f4xx_tim.o(.text)
    TIM_SetIC2Prescaler                      0x08007831   Thumb Code    26  stm32f4xx_tim.o(.text)
    TIM_SetIC1Prescaler                      0x080078a5   Thumb Code    18  stm32f4xx_tim.o(.text)
    TIM_ICInit                               0x080078f1   Thumb Code   110  stm32f4xx_tim.o(.text)
    TIM_ICStructInit                         0x0800795f   Thumb Code    18  stm32f4xx_tim.o(.text)
    TIM_PWMIConfig                           0x08007971   Thumb Code   124  stm32f4xx_tim.o(.text)
    TIM_GetCapture1                          0x080079ed   Thumb Code     6  stm32f4xx_tim.o(.text)
    TIM_GetCapture2                          0x080079f3   Thumb Code     6  stm32f4xx_tim.o(.text)
    TIM_GetCapture3                          0x080079f9   Thumb Code     6  stm32f4xx_tim.o(.text)
    TIM_GetCapture4                          0x080079ff   Thumb Code     6  stm32f4xx_tim.o(.text)
    TIM_BDTRConfig                           0x08007a05   Thumb Code    32  stm32f4xx_tim.o(.text)
    TIM_BDTRStructInit                       0x08007a25   Thumb Code    18  stm32f4xx_tim.o(.text)
    TIM_CtrlPWMOutputs                       0x08007a37   Thumb Code    30  stm32f4xx_tim.o(.text)
    TIM_SelectCOM                            0x08007a55   Thumb Code    24  stm32f4xx_tim.o(.text)
    TIM_CCPreloadControl                     0x08007a6d   Thumb Code    24  stm32f4xx_tim.o(.text)
    TIM_ITConfig                             0x08007a85   Thumb Code    18  stm32f4xx_tim.o(.text)
    TIM_GenerateEvent                        0x08007a97   Thumb Code     4  stm32f4xx_tim.o(.text)
    TIM_GetFlagStatus                        0x08007a9b   Thumb Code    18  stm32f4xx_tim.o(.text)
    TIM_ClearFlag                            0x08007aad   Thumb Code     6  stm32f4xx_tim.o(.text)
    TIM_GetITStatus                          0x08007ab3   Thumb Code    34  stm32f4xx_tim.o(.text)
    TIM_ClearITPendingBit                    0x08007ad5   Thumb Code     6  stm32f4xx_tim.o(.text)
    TIM_DMAConfig                            0x08007adb   Thumb Code    10  stm32f4xx_tim.o(.text)
    TIM_DMACmd                               0x08007ae5   Thumb Code    18  stm32f4xx_tim.o(.text)
    TIM_SelectCCDMA                          0x08007af7   Thumb Code    24  stm32f4xx_tim.o(.text)
    TIM_InternalClockConfig                  0x08007b0f   Thumb Code    12  stm32f4xx_tim.o(.text)
    TIM_SelectInputTrigger                   0x08007b1b   Thumb Code    18  stm32f4xx_tim.o(.text)
    TIM_ITRxExternalClockConfig              0x08007b2d   Thumb Code    24  stm32f4xx_tim.o(.text)
    TIM_TIxExternalClockConfig               0x08007b45   Thumb Code    62  stm32f4xx_tim.o(.text)
    TIM_ETRConfig                            0x08007b83   Thumb Code    28  stm32f4xx_tim.o(.text)
    TIM_ETRClockMode1Config                  0x08007b9f   Thumb Code    54  stm32f4xx_tim.o(.text)
    TIM_ETRClockMode2Config                  0x08007bd5   Thumb Code    32  stm32f4xx_tim.o(.text)
    TIM_SelectOutputTrigger                  0x08007bf5   Thumb Code    18  stm32f4xx_tim.o(.text)
    TIM_SelectSlaveMode                      0x08007c07   Thumb Code    18  stm32f4xx_tim.o(.text)
    TIM_SelectMasterSlaveMode                0x08007c19   Thumb Code    18  stm32f4xx_tim.o(.text)
    TIM_EncoderInterfaceConfig               0x08007c2b   Thumb Code    66  stm32f4xx_tim.o(.text)
    TIM_SelectHallSensor                     0x08007c6d   Thumb Code    24  stm32f4xx_tim.o(.text)
    TIM_RemapConfig                          0x08007c85   Thumb Code     6  stm32f4xx_tim.o(.text)
    USART_DeInit                             0x08007c8d   Thumb Code   206  stm32f4xx_usart.o(.text)
    USART_Init                               0x08007d5b   Thumb Code   204  stm32f4xx_usart.o(.text)
    USART_StructInit                         0x08007e27   Thumb Code    24  stm32f4xx_usart.o(.text)
    USART_ClockInit                          0x08007e3f   Thumb Code    32  stm32f4xx_usart.o(.text)
    USART_ClockStructInit                    0x08007e5f   Thumb Code    12  stm32f4xx_usart.o(.text)
    USART_Cmd                                0x08007e6b   Thumb Code    24  stm32f4xx_usart.o(.text)
    USART_SetPrescaler                       0x08007e83   Thumb Code    16  stm32f4xx_usart.o(.text)
    USART_OverSampling8Cmd                   0x08007e93   Thumb Code    22  stm32f4xx_usart.o(.text)
    USART_OneBitMethodCmd                    0x08007ea9   Thumb Code    24  stm32f4xx_usart.o(.text)
    USART_SendData                           0x08007ec1   Thumb Code     8  stm32f4xx_usart.o(.text)
    USART_ReceiveData                        0x08007ec9   Thumb Code    10  stm32f4xx_usart.o(.text)
    USART_SetAddress                         0x08007ed3   Thumb Code    18  stm32f4xx_usart.o(.text)
    USART_ReceiverWakeUpCmd                  0x08007ee5   Thumb Code    24  stm32f4xx_usart.o(.text)
    USART_WakeUpConfig                       0x08007efd   Thumb Code    18  stm32f4xx_usart.o(.text)
    USART_LINBreakDetectLengthConfig         0x08007f0f   Thumb Code    18  stm32f4xx_usart.o(.text)
    USART_LINCmd                             0x08007f21   Thumb Code    24  stm32f4xx_usart.o(.text)
    USART_SendBreak                          0x08007f39   Thumb Code    10  stm32f4xx_usart.o(.text)
    USART_HalfDuplexCmd                      0x08007f43   Thumb Code    24  stm32f4xx_usart.o(.text)
    USART_SetGuardTime                       0x08007f5b   Thumb Code    16  stm32f4xx_usart.o(.text)
    USART_SmartCardCmd                       0x08007f6b   Thumb Code    24  stm32f4xx_usart.o(.text)
    USART_SmartCardNACKCmd                   0x08007f83   Thumb Code    24  stm32f4xx_usart.o(.text)
    USART_IrDAConfig                         0x08007f9b   Thumb Code    18  stm32f4xx_usart.o(.text)
    USART_IrDACmd                            0x08007fad   Thumb Code    24  stm32f4xx_usart.o(.text)
    USART_DMACmd                             0x08007fc5   Thumb Code    18  stm32f4xx_usart.o(.text)
    USART_ITConfig                           0x08007fd7   Thumb Code    74  stm32f4xx_usart.o(.text)
    USART_GetFlagStatus                      0x08008021   Thumb Code    26  stm32f4xx_usart.o(.text)
    USART_ClearFlag                          0x0800803b   Thumb Code    18  stm32f4xx_usart.o(.text)
    USART_GetITStatus                        0x0800804d   Thumb Code   118  stm32f4xx_usart.o(.text)
    USART_ClearITPendingBit                  0x080080c3   Thumb Code    30  stm32f4xx_usart.o(.text)
    Reset_Handler                            0x080080e1   Thumb Code     8  startup_stm32f40xx.o(.text)
    ADC_IRQHandler                           0x080080fb   Thumb Code     0  startup_stm32f40xx.o(.text)
    CAN1_RX0_IRQHandler                      0x080080fb   Thumb Code     0  startup_stm32f40xx.o(.text)
    CAN1_RX1_IRQHandler                      0x080080fb   Thumb Code     0  startup_stm32f40xx.o(.text)
    CAN1_SCE_IRQHandler                      0x080080fb   Thumb Code     0  startup_stm32f40xx.o(.text)
    CAN1_TX_IRQHandler                       0x080080fb   Thumb Code     0  startup_stm32f40xx.o(.text)
    CAN2_RX0_IRQHandler                      0x080080fb   Thumb Code     0  startup_stm32f40xx.o(.text)
    CAN2_RX1_IRQHandler                      0x080080fb   Thumb Code     0  startup_stm32f40xx.o(.text)
    CAN2_SCE_IRQHandler                      0x080080fb   Thumb Code     0  startup_stm32f40xx.o(.text)
    CAN2_TX_IRQHandler                       0x080080fb   Thumb Code     0  startup_stm32f40xx.o(.text)
    CRYP_IRQHandler                          0x080080fb   Thumb Code     0  startup_stm32f40xx.o(.text)
    DCMI_IRQHandler                          0x080080fb   Thumb Code     0  startup_stm32f40xx.o(.text)
    DMA1_Stream0_IRQHandler                  0x080080fb   Thumb Code     0  startup_stm32f40xx.o(.text)
    DMA1_Stream1_IRQHandler                  0x080080fb   Thumb Code     0  startup_stm32f40xx.o(.text)
    DMA1_Stream2_IRQHandler                  0x080080fb   Thumb Code     0  startup_stm32f40xx.o(.text)
    DMA1_Stream3_IRQHandler                  0x080080fb   Thumb Code     0  startup_stm32f40xx.o(.text)
    DMA1_Stream4_IRQHandler                  0x080080fb   Thumb Code     0  startup_stm32f40xx.o(.text)
    DMA1_Stream5_IRQHandler                  0x080080fb   Thumb Code     0  startup_stm32f40xx.o(.text)
    DMA1_Stream6_IRQHandler                  0x080080fb   Thumb Code     0  startup_stm32f40xx.o(.text)
    DMA1_Stream7_IRQHandler                  0x080080fb   Thumb Code     0  startup_stm32f40xx.o(.text)
    DMA2_Stream0_IRQHandler                  0x080080fb   Thumb Code     0  startup_stm32f40xx.o(.text)
    DMA2_Stream1_IRQHandler                  0x080080fb   Thumb Code     0  startup_stm32f40xx.o(.text)
    DMA2_Stream2_IRQHandler                  0x080080fb   Thumb Code     0  startup_stm32f40xx.o(.text)
    DMA2_Stream3_IRQHandler                  0x080080fb   Thumb Code     0  startup_stm32f40xx.o(.text)
    DMA2_Stream4_IRQHandler                  0x080080fb   Thumb Code     0  startup_stm32f40xx.o(.text)
    DMA2_Stream5_IRQHandler                  0x080080fb   Thumb Code     0  startup_stm32f40xx.o(.text)
    DMA2_Stream6_IRQHandler                  0x080080fb   Thumb Code     0  startup_stm32f40xx.o(.text)
    DMA2_Stream7_IRQHandler                  0x080080fb   Thumb Code     0  startup_stm32f40xx.o(.text)
    ETH_IRQHandler                           0x080080fb   Thumb Code     0  startup_stm32f40xx.o(.text)
    ETH_WKUP_IRQHandler                      0x080080fb   Thumb Code     0  startup_stm32f40xx.o(.text)
    EXTI0_IRQHandler                         0x080080fb   Thumb Code     0  startup_stm32f40xx.o(.text)
    EXTI15_10_IRQHandler                     0x080080fb   Thumb Code     0  startup_stm32f40xx.o(.text)
    EXTI1_IRQHandler                         0x080080fb   Thumb Code     0  startup_stm32f40xx.o(.text)
    EXTI2_IRQHandler                         0x080080fb   Thumb Code     0  startup_stm32f40xx.o(.text)
    EXTI3_IRQHandler                         0x080080fb   Thumb Code     0  startup_stm32f40xx.o(.text)
    EXTI4_IRQHandler                         0x080080fb   Thumb Code     0  startup_stm32f40xx.o(.text)
    EXTI9_5_IRQHandler                       0x080080fb   Thumb Code     0  startup_stm32f40xx.o(.text)
    FLASH_IRQHandler                         0x080080fb   Thumb Code     0  startup_stm32f40xx.o(.text)
    FPU_IRQHandler                           0x080080fb   Thumb Code     0  startup_stm32f40xx.o(.text)
    FSMC_IRQHandler                          0x080080fb   Thumb Code     0  startup_stm32f40xx.o(.text)
    HASH_RNG_IRQHandler                      0x080080fb   Thumb Code     0  startup_stm32f40xx.o(.text)
    I2C1_ER_IRQHandler                       0x080080fb   Thumb Code     0  startup_stm32f40xx.o(.text)
    I2C1_EV_IRQHandler                       0x080080fb   Thumb Code     0  startup_stm32f40xx.o(.text)
    I2C2_ER_IRQHandler                       0x080080fb   Thumb Code     0  startup_stm32f40xx.o(.text)
    I2C2_EV_IRQHandler                       0x080080fb   Thumb Code     0  startup_stm32f40xx.o(.text)
    I2C3_ER_IRQHandler                       0x080080fb   Thumb Code     0  startup_stm32f40xx.o(.text)
    I2C3_EV_IRQHandler                       0x080080fb   Thumb Code     0  startup_stm32f40xx.o(.text)
    OTG_FS_IRQHandler                        0x080080fb   Thumb Code     0  startup_stm32f40xx.o(.text)
    OTG_FS_WKUP_IRQHandler                   0x080080fb   Thumb Code     0  startup_stm32f40xx.o(.text)
    OTG_HS_EP1_IN_IRQHandler                 0x080080fb   Thumb Code     0  startup_stm32f40xx.o(.text)
    OTG_HS_EP1_OUT_IRQHandler                0x080080fb   Thumb Code     0  startup_stm32f40xx.o(.text)
    OTG_HS_IRQHandler                        0x080080fb   Thumb Code     0  startup_stm32f40xx.o(.text)
    OTG_HS_WKUP_IRQHandler                   0x080080fb   Thumb Code     0  startup_stm32f40xx.o(.text)
    PVD_IRQHandler                           0x080080fb   Thumb Code     0  startup_stm32f40xx.o(.text)
    RCC_IRQHandler                           0x080080fb   Thumb Code     0  startup_stm32f40xx.o(.text)
    RTC_Alarm_IRQHandler                     0x080080fb   Thumb Code     0  startup_stm32f40xx.o(.text)
    RTC_WKUP_IRQHandler                      0x080080fb   Thumb Code     0  startup_stm32f40xx.o(.text)
    SDIO_IRQHandler                          0x080080fb   Thumb Code     0  startup_stm32f40xx.o(.text)
    SPI1_IRQHandler                          0x080080fb   Thumb Code     0  startup_stm32f40xx.o(.text)
    SPI2_IRQHandler                          0x080080fb   Thumb Code     0  startup_stm32f40xx.o(.text)
    SPI3_IRQHandler                          0x080080fb   Thumb Code     0  startup_stm32f40xx.o(.text)
    TAMP_STAMP_IRQHandler                    0x080080fb   Thumb Code     0  startup_stm32f40xx.o(.text)
    TIM1_BRK_TIM9_IRQHandler                 0x080080fb   Thumb Code     0  startup_stm32f40xx.o(.text)
    TIM1_CC_IRQHandler                       0x080080fb   Thumb Code     0  startup_stm32f40xx.o(.text)
    TIM1_TRG_COM_TIM11_IRQHandler            0x080080fb   Thumb Code     0  startup_stm32f40xx.o(.text)
    TIM1_UP_TIM10_IRQHandler                 0x080080fb   Thumb Code     0  startup_stm32f40xx.o(.text)
    TIM4_IRQHandler                          0x080080fb   Thumb Code     0  startup_stm32f40xx.o(.text)
    TIM5_IRQHandler                          0x080080fb   Thumb Code     0  startup_stm32f40xx.o(.text)
    TIM6_DAC_IRQHandler                      0x080080fb   Thumb Code     0  startup_stm32f40xx.o(.text)
    TIM7_IRQHandler                          0x080080fb   Thumb Code     0  startup_stm32f40xx.o(.text)
    TIM8_BRK_TIM12_IRQHandler                0x080080fb   Thumb Code     0  startup_stm32f40xx.o(.text)
    TIM8_CC_IRQHandler                       0x080080fb   Thumb Code     0  startup_stm32f40xx.o(.text)
    TIM8_TRG_COM_TIM14_IRQHandler            0x080080fb   Thumb Code     0  startup_stm32f40xx.o(.text)
    TIM8_UP_TIM13_IRQHandler                 0x080080fb   Thumb Code     0  startup_stm32f40xx.o(.text)
    UART4_IRQHandler                         0x080080fb   Thumb Code     0  startup_stm32f40xx.o(.text)
    UART5_IRQHandler                         0x080080fb   Thumb Code     0  startup_stm32f40xx.o(.text)
    USART3_IRQHandler                        0x080080fb   Thumb Code     0  startup_stm32f40xx.o(.text)
    USART6_IRQHandler                        0x080080fb   Thumb Code     0  startup_stm32f40xx.o(.text)
    WWDG_IRQHandler                          0x080080fb   Thumb Code     0  startup_stm32f40xx.o(.text)
    __user_initial_stackheap                 0x080080fd   Thumb Code     0  startup_stm32f40xx.o(.text)
    __2printf                                0x08008121   Thumb Code    20  noretval__2printf.o(.text)
    __printf                                 0x08008139   Thumb Code   104  __printf.o(.text)
    _printf_str                              0x080081a1   Thumb Code    82  _printf_str.o(.text)
    _printf_int_dec                          0x080081f5   Thumb Code   102  _printf_dec.o(.text)
    _printf_int_hex                          0x0800826d   Thumb Code    88  _printf_hex_int.o(.text)
    _printf_longlong_hex                     0x0800826d   Thumb Code     0  _printf_hex_int.o(.text)
    memcmp                                   0x080082c9   Thumb Code    88  memcmp.o(.text)
    __aeabi_memcpy                           0x08008321   Thumb Code     0  rt_memcpy_v6.o(.text)
    __rt_memcpy                              0x08008321   Thumb Code   138  rt_memcpy_v6.o(.text)
    _memcpy_lastbytes                        0x08008387   Thumb Code     0  rt_memcpy_v6.o(.text)
    __aeabi_memcpy4                          0x080083ab   Thumb Code     0  rt_memcpy_w.o(.text)
    __aeabi_memcpy8                          0x080083ab   Thumb Code     0  rt_memcpy_w.o(.text)
    __rt_memcpy_w                            0x080083ab   Thumb Code   100  rt_memcpy_w.o(.text)
    _memcpy_lastbytes_aligned                0x080083f3   Thumb Code     0  rt_memcpy_w.o(.text)
    __aeabi_memclr                           0x0800840f   Thumb Code     0  rt_memclr.o(.text)
    __rt_memclr                              0x0800840f   Thumb Code    68  rt_memclr.o(.text)
    _memset                                  0x08008413   Thumb Code     0  rt_memclr.o(.text)
    __aeabi_memclr4                          0x08008453   Thumb Code     0  rt_memclr_w.o(.text)
    __aeabi_memclr8                          0x08008453   Thumb Code     0  rt_memclr_w.o(.text)
    __rt_memclr_w                            0x08008453   Thumb Code    78  rt_memclr_w.o(.text)
    _memset_w                                0x08008457   Thumb Code     0  rt_memclr_w.o(.text)
    strcmp                                   0x080084a1   Thumb Code   128  strcmpv7m.o(.text)
    __use_two_region_memory                  0x08008521   Thumb Code     2  heapauxi.o(.text)
    __rt_heap_escrow$2region                 0x08008523   Thumb Code     2  heapauxi.o(.text)
    __rt_heap_expand$2region                 0x08008525   Thumb Code     2  heapauxi.o(.text)
    _printf_int_common                       0x08008527   Thumb Code   184  _printf_intcommon.o(.text)
    _printf_cs_common                        0x080085df   Thumb Code    20  _printf_char.o(.text)
    _printf_char                             0x080085f3   Thumb Code    16  _printf_char.o(.text)
    _printf_string                           0x08008603   Thumb Code     8  _printf_char.o(.text)
    _printf_char_file                        0x0800860d   Thumb Code    32  _printf_char_file.o(.text)
    _printf_char_common                      0x0800863b   Thumb Code    32  _printf_char_common.o(.text)
    ferror                                   0x08008661   Thumb Code     8  ferror.o(.text)
    __user_setup_stackheap                   0x08008669   Thumb Code    74  sys_stackheap_outer.o(.text)
    exit                                     0x080086b3   Thumb Code    12  exit.o(.text)
    __user_libspace                          0x080086c1   Thumb Code     8  libspace.o(.text)
    __user_perproc_libspace                  0x080086c1   Thumb Code     0  libspace.o(.text)
    __user_perthread_libspace                0x080086c1   Thumb Code     0  libspace.o(.text)
    _sys_exit                                0x080086c9   Thumb Code     8  sys_exit.o(.text)
    __I$use$semihosting                      0x080086d5   Thumb Code     0  use_no_semi.o(.text)
    __use_no_semihosting_swi                 0x080086d5   Thumb Code     2  use_no_semi.o(.text)
    __semihosting_library_function           0x080086d7   Thumb Code     0  indicate_semi.o(.text)
    MSD0_spi_read_write                      0x080086d9   Thumb Code    48  cv_drives_sd_spi.o(i.MSD0_spi_read_write)
    _fp_init                                 0x0800870d   Thumb Code    10  fpinit.o(x$fpl$fpinit)
    __fplib_config_fpu_vfp                   0x08008715   Thumb Code     0  fpinit.o(x$fpl$fpinit)
    __fplib_config_pureend_doubles           0x08008715   Thumb Code     0  fpinit.o(x$fpl$fpinit)
    Region$$Table$$Base                      0x08008cf0   Number         0  anon$$obj.o(Region$$Table)
    Region$$Table$$Limit                     0x08008d10   Number         0  anon$$obj.o(Region$$Table)
    upgrade_trans_func                       0x20000000   Data           4  cv_app_upgrade.o(.data)
    update_process_fsm                       0x20000004   Data           1  cv_app_upgrade.o(.data)
    updare_led_state                         0x20000005   Data           1  cv_app_upgrade.o(.data)
    JumpAddress                              0x20000008   Data           4  cv_drives_flash.o(.data)
    Jump_To_Application                      0x2000000c   Data           4  cv_drives_flash.o(.data)
    __stdout                                 0x20000058   Data           4  cv_bsp_usart.o(.data)
    __stdin                                  0x2000005c   Data           4  cv_bsp_usart.o(.data)
    led_conut                                0x20000061   Data           1  cv_bsp_gpio.o(.data)
    tim3_hook_func                           0x20000064   Data           4  cv_bsp_timer.o(.data)
    tim2_hook_func                           0x20000068   Data           4  cv_bsp_timer.o(.data)
    TIM3_Period                              0x2000006c   Data           4  cv_bsp_timer.o(.data)
    TIM3_Prescaler                           0x20000070   Data           4  cv_bsp_timer.o(.data)
    TIM2_Period                              0x20000074   Data           4  cv_bsp_timer.o(.data)
    TIM2_Prescaler                           0x20000078   Data           4  cv_bsp_timer.o(.data)
    sys_clk_sorce                            0x2000007c   Data           1  cv_bsp_ckl.o(.data)
    sys_tick_time                            0x20000080   Data           4  cv_bsp_ckl.o(.data)
    SystemCoreClock                          0x20000084   Data           4  system_stm32f4xx.o(.data)
    AHBPrescTable                            0x20000088   Data          16  system_stm32f4xx.o(.data)
    file_buf                                 0x200000a8   Data        1024  cv_app_iap.o(.bss)
    file_name                                0x200004a8   Data         128  cv_app_iap.o(.bss)
    context                                  0x20000528   Data          88  cv_drives_flash.o(.bss)
    md5_cal                                  0x20000580   Data          16  cv_drives_flash.o(.bss)
    fm_header                                0x20000590   Data          60  cv_drives_flash.o(.bss)
    update_flash_manage                      0x200005cc   Data          24  cv_drives_flash.o(.bss)
    SD0_CardInfo                             0x200005e4   Data          88  cv_drives_sd_spi.o(.bss)
    uart2_rev_buf                            0x2000083c   Data          22  cv_bsp_usart.o(.bss)
    rcc_clk_freq                             0x20000854   Data          16  cv_bsp_ckl.o(.bss)
    __libspace_start                         0x20000864   Data          96  libspace.o(.bss)
    __temporary_stack_top$libspace           0x200008c4   Data           0  libspace.o(.bss)



==============================================================================

Memory Map of the image

  Image Entry point : 0x08000189

  Load Region LR_IROM1 (Base: 0x08000000, Size: 0x00008db8, Max: 0x00100000, ABSOLUTE)

    Execution Region ER_IROM1 (Base: 0x08000000, Size: 0x00008d10, Max: 0x00100000, ABSOLUTE)

    Base Addr    Size         Type   Attr      Idx    E Section Name        Object

    0x08000000   0x00000188   Data   RO         1529    RESET               startup_stm32f40xx.o
    0x08000188   0x00000008   Code   RO         1605  * !!!main             c_w.l(__main.o)
    0x08000190   0x00000034   Code   RO         1774    !!!scatter          c_w.l(__scatter.o)
    0x080001c4   0x0000001a   Code   RO         1776    !!handler_copy      c_w.l(__scatter_copy.o)
    0x080001de   0x00000002   PAD
    0x080001e0   0x0000001c   Code   RO         1778    !!handler_zi        c_w.l(__scatter_zi.o)
    0x080001fc   0x00000000   Code   RO         1590    .ARM.Collect$$_printf_percent$$00000000  c_w.l(_printf_percent.o)
    0x080001fc   0x00000006   Code   RO         1589    .ARM.Collect$$_printf_percent$$00000009  c_w.l(_printf_d.o)
    0x08000202   0x00000006   Code   RO         1588    .ARM.Collect$$_printf_percent$$0000000C  c_w.l(_printf_x.o)
    0x08000208   0x00000006   Code   RO         1587    .ARM.Collect$$_printf_percent$$00000014  c_w.l(_printf_s.o)
    0x0800020e   0x00000004   Code   RO         1614    .ARM.Collect$$_printf_percent$$00000017  c_w.l(_printf_percent_end.o)
    0x08000212   0x00000002   Code   RO         1647    .ARM.Collect$$libinit$$00000000  c_w.l(libinit.o)
    0x08000214   0x00000004   Code   RO         1653    .ARM.Collect$$libinit$$00000001  c_w.l(libinit2.o)
    0x08000218   0x00000000   Code   RO         1657    .ARM.Collect$$libinit$$00000008  c_w.l(libinit2.o)
    0x08000218   0x00000000   Code   RO         1659    .ARM.Collect$$libinit$$0000000A  c_w.l(libinit2.o)
    0x08000218   0x00000000   Code   RO         1661    .ARM.Collect$$libinit$$0000000C  c_w.l(libinit2.o)
    0x08000218   0x00000000   Code   RO         1664    .ARM.Collect$$libinit$$0000000F  c_w.l(libinit2.o)
    0x08000218   0x00000000   Code   RO         1666    .ARM.Collect$$libinit$$00000011  c_w.l(libinit2.o)
    0x08000218   0x00000000   Code   RO         1668    .ARM.Collect$$libinit$$00000013  c_w.l(libinit2.o)
    0x08000218   0x00000000   Code   RO         1670    .ARM.Collect$$libinit$$00000015  c_w.l(libinit2.o)
    0x08000218   0x00000000   Code   RO         1672    .ARM.Collect$$libinit$$00000017  c_w.l(libinit2.o)
    0x08000218   0x00000000   Code   RO         1674    .ARM.Collect$$libinit$$00000019  c_w.l(libinit2.o)
    0x08000218   0x00000000   Code   RO         1676    .ARM.Collect$$libinit$$0000001B  c_w.l(libinit2.o)
    0x08000218   0x00000000   Code   RO         1678    .ARM.Collect$$libinit$$0000001D  c_w.l(libinit2.o)
    0x08000218   0x00000000   Code   RO         1680    .ARM.Collect$$libinit$$0000001F  c_w.l(libinit2.o)
    0x08000218   0x00000000   Code   RO         1682    .ARM.Collect$$libinit$$00000021  c_w.l(libinit2.o)
    0x08000218   0x00000000   Code   RO         1684    .ARM.Collect$$libinit$$00000023  c_w.l(libinit2.o)
    0x08000218   0x00000000   Code   RO         1688    .ARM.Collect$$libinit$$0000002A  c_w.l(libinit2.o)
    0x08000218   0x00000000   Code   RO         1690    .ARM.Collect$$libinit$$0000002C  c_w.l(libinit2.o)
    0x08000218   0x00000000   Code   RO         1692    .ARM.Collect$$libinit$$0000002E  c_w.l(libinit2.o)
    0x08000218   0x00000000   Code   RO         1694    .ARM.Collect$$libinit$$00000030  c_w.l(libinit2.o)
    0x08000218   0x00000002   Code   RO         1695    .ARM.Collect$$libinit$$00000031  c_w.l(libinit2.o)
    0x0800021a   0x00000002   Code   RO         1715    .ARM.Collect$$libshutdown$$00000000  c_w.l(libshutdown.o)
    0x0800021c   0x00000000   Code   RO         1729    .ARM.Collect$$libshutdown$$00000003  c_w.l(libshutdown2.o)
    0x0800021c   0x00000000   Code   RO         1732    .ARM.Collect$$libshutdown$$00000006  c_w.l(libshutdown2.o)
    0x0800021c   0x00000000   Code   RO         1735    .ARM.Collect$$libshutdown$$00000009  c_w.l(libshutdown2.o)
    0x0800021c   0x00000000   Code   RO         1737    .ARM.Collect$$libshutdown$$0000000B  c_w.l(libshutdown2.o)
    0x0800021c   0x00000000   Code   RO         1740    .ARM.Collect$$libshutdown$$0000000E  c_w.l(libshutdown2.o)
    0x0800021c   0x00000002   Code   RO         1741    .ARM.Collect$$libshutdown$$0000000F  c_w.l(libshutdown2.o)
    0x0800021e   0x00000000   Code   RO         1607    .ARM.Collect$$rtentry$$00000000  c_w.l(rtentry.o)
    0x0800021e   0x00000000   Code   RO         1616    .ARM.Collect$$rtentry$$00000002  c_w.l(rtentry2.o)
    0x0800021e   0x00000006   Code   RO         1628    .ARM.Collect$$rtentry$$00000004  c_w.l(rtentry4.o)
    0x08000224   0x00000000   Code   RO         1618    .ARM.Collect$$rtentry$$00000009  c_w.l(rtentry2.o)
    0x08000224   0x00000004   Code   RO         1619    .ARM.Collect$$rtentry$$0000000A  c_w.l(rtentry2.o)
    0x08000228   0x00000000   Code   RO         1621    .ARM.Collect$$rtentry$$0000000C  c_w.l(rtentry2.o)
    0x08000228   0x00000008   Code   RO         1622    .ARM.Collect$$rtentry$$0000000D  c_w.l(rtentry2.o)
    0x08000230   0x00000002   Code   RO         1651    .ARM.Collect$$rtexit$$00000000  c_w.l(rtexit.o)
    0x08000232   0x00000000   Code   RO         1697    .ARM.Collect$$rtexit$$00000002  c_w.l(rtexit2.o)
    0x08000232   0x00000004   Code   RO         1698    .ARM.Collect$$rtexit$$00000003  c_w.l(rtexit2.o)
    0x08000236   0x00000006   Code   RO         1699    .ARM.Collect$$rtexit$$00000004  c_w.l(rtexit2.o)
    0x0800023c   0x00000018   Code   RO            3    .text               stm32f4xx_it.o
    0x08000254   0x00000140   Code   RO          134    .text               cv_sys_main.o
    0x08000394   0x0000020c   Code   RO          201    .text               cv_app_upgrade.o
    0x080005a0   0x000001bc   Code   RO          234    .text               cv_app_iap.o
    0x0800075c   0x0000047c   Code   RO          264    .text               cv_app_sd.o
    0x08000bd8   0x00000220   Code   RO          298    .text               flash_if.o
    0x08000df8   0x0000069c   Code   RO          318    .text               ymodem.o
    0x08001494   0x00000328   Code   RO          342    .text               cv_drives_flash.o
    0x080017bc   0x00000a60   Code   RO          451    .text               cv_drives_sd_spi.o
    0x0800221c   0x0000094c   Code   RO          478    .text               cv_drives_md5.o
    0x08002b68   0x000001c0   Code   RO          494    .text               diskio.o
    0x08002d28   0x000023ac   Code   RO          513    .text               ff.o
    0x080050d4   0x00000080   Code   RO          532    .text               ccsbcs.o
    0x08005154   0x00000404   Code   RO          557    .text               cv_bsp_usart.o
    0x08005558   0x00000128   Code   RO          591    .text               cv_bsp_gpio.o
    0x08005680   0x000001b4   Code   RO          617    .text               cv_bsp_timer.o
    0x08005834   0x000000c4   Code   RO          643    .text               cv_bsp_ckl.o
    0x080058f8   0x0000020c   Code   RO          674    .text               system_stm32f4xx.o
    0x08005b04   0x000000e4   Code   RO          700    .text               misc.o
    0x08005be8   0x00000694   Code   RO         1039    .text               stm32f4xx_flash.o
    0x0800627c   0x00000294   Code   RO         1088    .text               stm32f4xx_gpio.o
    0x08006510   0x0000065c   Code   RO         1260    .text               stm32f4xx_rcc.o
    0x08006b6c   0x0000047c   Code   RO         1374    .text               stm32f4xx_spi.o
    0x08006fe8   0x00000ca2   Code   RO         1417    .text               stm32f4xx_tim.o
    0x08007c8a   0x00000002   PAD
    0x08007c8c   0x00000454   Code   RO         1440    .text               stm32f4xx_usart.o
    0x080080e0   0x00000040   Code   RO         1530    .text               startup_stm32f40xx.o
    0x08008120   0x00000018   Code   RO         1538    .text               c_w.l(noretval__2printf.o)
    0x08008138   0x00000068   Code   RO         1540    .text               c_w.l(__printf.o)
    0x080081a0   0x00000052   Code   RO         1542    .text               c_w.l(_printf_str.o)
    0x080081f2   0x00000002   PAD
    0x080081f4   0x00000078   Code   RO         1544    .text               c_w.l(_printf_dec.o)
    0x0800826c   0x0000005c   Code   RO         1549    .text               c_w.l(_printf_hex_int.o)
    0x080082c8   0x00000058   Code   RO         1591    .text               c_w.l(memcmp.o)
    0x08008320   0x0000008a   Code   RO         1593    .text               c_w.l(rt_memcpy_v6.o)
    0x080083aa   0x00000064   Code   RO         1595    .text               c_w.l(rt_memcpy_w.o)
    0x0800840e   0x00000044   Code   RO         1597    .text               c_w.l(rt_memclr.o)
    0x08008452   0x0000004e   Code   RO         1599    .text               c_w.l(rt_memclr_w.o)
    0x080084a0   0x00000080   Code   RO         1601    .text               c_w.l(strcmpv7m.o)
    0x08008520   0x00000006   Code   RO         1603    .text               c_w.l(heapauxi.o)
    0x08008526   0x000000b8   Code   RO         1608    .text               c_w.l(_printf_intcommon.o)
    0x080085de   0x0000002c   Code   RO         1610    .text               c_w.l(_printf_char.o)
    0x0800860a   0x00000002   PAD
    0x0800860c   0x00000024   Code   RO         1612    .text               c_w.l(_printf_char_file.o)
    0x08008630   0x00000030   Code   RO         1630    .text               c_w.l(_printf_char_common.o)
    0x08008660   0x00000008   Code   RO         1632    .text               c_w.l(ferror.o)
    0x08008668   0x0000004a   Code   RO         1636    .text               c_w.l(sys_stackheap_outer.o)
    0x080086b2   0x0000000c   Code   RO         1640    .text               c_w.l(exit.o)
    0x080086be   0x00000002   PAD
    0x080086c0   0x00000008   Code   RO         1648    .text               c_w.l(libspace.o)
    0x080086c8   0x0000000c   Code   RO         1707    .text               c_w.l(sys_exit.o)
    0x080086d4   0x00000002   Code   RO         1718    .text               c_w.l(use_no_semi.o)
    0x080086d6   0x00000000   Code   RO         1720    .text               c_w.l(indicate_semi.o)
    0x080086d6   0x00000002   PAD
    0x080086d8   0x00000034   Code   RO          469    i.MSD0_spi_read_write  cv_drives_sd_spi.o
    0x0800870c   0x0000000a   Code   RO         1705    x$fpl$fpinit        fz_wm.l(fpinit.o)
    0x08008716   0x00000002   PAD
    0x08008718   0x00000060   Data   RO          202    .constdata          cv_app_upgrade.o
    0x08008778   0x0000008d   Data   RO          515    .constdata          ff.o
    0x08008805   0x00000001   PAD
    0x08008806   0x000004c0   Data   RO          533    .constdata          ccsbcs.o
    0x08008cc6   0x00000028   Data   RO         1550    .constdata          c_w.l(_printf_hex_int.o)
    0x08008cee   0x00000002   PAD
    0x08008cf0   0x00000020   Data   RO         1772    Region$$Table       anon$$obj.o


    Execution Region RW_IRAM1 (Base: 0x20000000, Size: 0x000012c8, Max: 0x00020000, ABSOLUTE)

    Base Addr    Size         Type   Attr      Idx    E Section Name        Object

    0x20000000   0x00000006   Data   RW          203    .data               cv_app_upgrade.o
    0x20000006   0x00000001   Data   RW          236    .data               cv_app_iap.o
    0x20000007   0x00000001   PAD
    0x20000008   0x00000008   Data   RW          344    .data               cv_drives_flash.o
    0x20000010   0x00000040   Data   RW          479    .data               cv_drives_md5.o
    0x20000050   0x00000006   Data   RW          516    .data               ff.o
    0x20000056   0x00000002   PAD
    0x20000058   0x00000008   Data   RW          559    .data               cv_bsp_usart.o
    0x20000060   0x00000002   Data   RW          592    .data               cv_bsp_gpio.o
    0x20000062   0x00000002   PAD
    0x20000064   0x00000018   Data   RW          618    .data               cv_bsp_timer.o
    0x2000007c   0x00000008   Data   RW          645    .data               cv_bsp_ckl.o
    0x20000084   0x00000014   Data   RW          675    .data               system_stm32f4xx.o
    0x20000098   0x00000010   Data   RW         1261    .data               stm32f4xx_rcc.o
    0x200000a8   0x00000480   Zero   RW          235    .bss                cv_app_iap.o
    0x20000528   0x000000bc   Zero   RW          343    .bss                cv_drives_flash.o
    0x200005e4   0x00000058   Zero   RW          452    .bss                cv_drives_sd_spi.o
    0x2000063c   0x00000200   Zero   RW          514    .bss                ff.o
    0x2000083c   0x00000016   Zero   RW          558    .bss                cv_bsp_usart.o
    0x20000852   0x00000002   PAD
    0x20000854   0x00000010   Zero   RW          644    .bss                cv_bsp_ckl.o
    0x20000864   0x00000060   Zero   RW         1649    .bss                c_w.l(libspace.o)
    0x200008c4   0x00000004   PAD
    0x200008c8   0x00000200   Zero   RW         1528    HEAP                startup_stm32f40xx.o
    0x20000ac8   0x00000800   Zero   RW         1527    STACK               startup_stm32f40xx.o


==============================================================================

Image component sizes


      Code (inc. data)   RO Data    RW Data    ZI Data      Debug   Object Name

       128         12       1216          0          0       2009   ccsbcs.o
       444        282          0          1       1152       1543   cv_app_iap.o
      1148        528          0          0          0       5299   cv_app_sd.o
       524        216         96          6          0       2173   cv_app_upgrade.o
       196         22          0          8         16      28482   cv_bsp_ckl.o
       296         18          0          2          0       2268   cv_bsp_gpio.o
       436         34          0         24          0       2103   cv_bsp_timer.o
      1028         22          0          8         22       6959   cv_bsp_usart.o
       808        180          0          8        188     260034   cv_drives_flash.o
      2380        266          0         64          0       4238   cv_drives_md5.o
      2708         38          0          0         88       6924   cv_drives_sd_spi.o
       320        156          0          0          0       6351   cv_sys_main.o
       448         36          0          0          0       3133   diskio.o
      9132         70        141          6        512      28587   ff.o
       544        102          0          0          0       2460   flash_if.o
       228         22          0          0          0      18957   misc.o
        64         26        392          0       2560        800   startup_stm32f40xx.o
      1684         26          0          0          0      18334   stm32f4xx_flash.o
       660         44          0          0          0      11261   stm32f4xx_gpio.o
        24          0          0          0          0     290862   stm32f4xx_it.o
      1628         52          0         16          0      28368   stm32f4xx_rcc.o
      1148         36          0          0          0      15209   stm32f4xx_spi.o
      3234         60          0          0          0      42212   stm32f4xx_tim.o
      1108         34          0          0          0      13952   stm32f4xx_usart.o
       524         44          0         20          0       1799   system_stm32f4xx.o
      1692         14          0          0          0       6494   ymodem.o

    ----------------------------------------------------------------------
     32536       2340       1878        168       4540     810811   Object Totals
         0          0         32          0          0          0   (incl. Generated)
         2          0          1          5          2          0   (incl. Padding)

    ----------------------------------------------------------------------

      Code (inc. data)   RO Data    RW Data    ZI Data      Debug   Library Member Name

         8          0          0          0          0         68   __main.o
       104          0          0          0          0         84   __printf.o
        52          8          0          0          0          0   __scatter.o
        26          0          0          0          0          0   __scatter_copy.o
        28          0          0          0          0          0   __scatter_zi.o
        44          0          0          0          0        108   _printf_char.o
        48          6          0          0          0         96   _printf_char_common.o
        36          4          0          0          0         80   _printf_char_file.o
         6          0          0          0          0          0   _printf_d.o
       120         18          0          0          0         92   _printf_dec.o
        92          4         40          0          0         88   _printf_hex_int.o
       184          0          0          0          0         88   _printf_intcommon.o
         0          0          0          0          0          0   _printf_percent.o
         4          0          0          0          0          0   _printf_percent_end.o
         6          0          0          0          0          0   _printf_s.o
        82          0          0          0          0         80   _printf_str.o
         6          0          0          0          0          0   _printf_x.o
        12          0          0          0          0         72   exit.o
         8          0          0          0          0         68   ferror.o
         6          0          0          0          0        152   heapauxi.o
         0          0          0          0          0          0   indicate_semi.o
         2          0          0          0          0          0   libinit.o
         6          0          0          0          0          0   libinit2.o
         2          0          0          0          0          0   libshutdown.o
         2          0          0          0          0          0   libshutdown2.o
         8          4          0          0         96         68   libspace.o
        88          0          0          0          0         76   memcmp.o
        24          4          0          0          0         84   noretval__2printf.o
        68          0          0          0          0         68   rt_memclr.o
        78          0          0          0          0         80   rt_memclr_w.o
       138          0          0          0          0         68   rt_memcpy_v6.o
       100          0          0          0          0         80   rt_memcpy_w.o
         0          0          0          0          0          0   rtentry.o
        12          0          0          0          0          0   rtentry2.o
         6          0          0          0          0          0   rtentry4.o
         2          0          0          0          0          0   rtexit.o
        10          0          0          0          0          0   rtexit2.o
       128          0          0          0          0         68   strcmpv7m.o
        12          4          0          0          0         68   sys_exit.o
        74          0          0          0          0         80   sys_stackheap_outer.o
         2          0          0          0          0         68   use_no_semi.o
        10          0          0          0          0        116   fpinit.o

    ----------------------------------------------------------------------
      1656         52         42          0        100       2000   Library Totals
        12          0          2          0          4          0   (incl. Padding)

    ----------------------------------------------------------------------

      Code (inc. data)   RO Data    RW Data    ZI Data      Debug   Library Name

      1634         52         40          0         96       1884   c_w.l
        10          0          0          0          0        116   fz_wm.l

    ----------------------------------------------------------------------
      1656         52         42          0        100       2000   Library Totals

    ----------------------------------------------------------------------

==============================================================================


      Code (inc. data)   RO Data    RW Data    ZI Data      Debug   

     34192       2392       1920        168       4640     806319   Grand Totals
     34192       2392       1920        168       4640     806319   ELF Image Totals
     34192       2392       1920        168          0          0   ROM Totals

==============================================================================

    Total RO  Size (Code + RO Data)                36112 (  35.27kB)
    Total RW  Size (RW Data + ZI Data)              4808 (   4.70kB)
    Total ROM Size (Code + RO Data + RW Data)      36280 (  35.43kB)

==============================================================================

